 sn3DHandiSync

 Timestamp is 5b444f51 (Tue Jul 10 14:16:49 2018)

 Preferred load address is 0000000180000000

 Start         Length     Name                   Class
 0001:00000000 00000334H .text$di                CODE
 0001:00000340 0001f98eH .text$mn                CODE
 0001:0001fcd0 00001348H .text$x                 CODE
 0001:00021020 00000070H .text$yd                CODE
 0002:00000000 00000540H .idata$5                DATA
 0002:00000540 00000008H .CRT$XCA                DATA
 0002:00000548 00000010H .CRT$XCL                DATA
 0002:00000558 000000a8H .CRT$XCU                DATA
 0002:00000600 00000008H .CRT$XCZ                DATA
 0002:00000608 00000008H .CRT$XIA                DATA
 0002:00000610 00000008H .CRT$XIAA               DATA
 0002:00000618 00000008H .CRT$XIC                DATA
 0002:00000620 00000008H .CRT$XIZ                DATA
 0002:00000630 000042b0H .rdata                  DATA
 0002:000048e0 00000074H .rdata$debug            DATA
 0002:00004958 000006a4H .rdata$r                DATA
 0002:00005000 00000008H .rtc$IAA                DATA
 0002:00005008 00000008H .rtc$IZZ                DATA
 0002:00005010 00000008H .rtc$TAA                DATA
 0002:00005018 00000008H .rtc$TZZ                DATA
 0002:00005020 00001accH .xdata                  DATA
 0002:00006af0 00000000H ATL$__a                 DATA
 0002:00006af0 00000000H ATL$__z                 DATA
 0002:00006af0 00001526H .edata                  DATA
 0002:00008018 0000008cH .idata$2                DATA
 0002:000080a4 00000014H .idata$3                DATA
 0002:000080b8 00000540H .idata$4                DATA
 0002:000085f8 00001756H .idata$6                DATA
 0003:00000000 00000024H .data                   DATA
 0003:00000028 00000281H .data$r                 DATA
 0003:000002b0 000007d0H .bss                    DATA
 0004:00000000 0000204cH .pdata                  DATA
 0005:00000000 000000a0H .rsrc$01                DATA
 0005:000000a0 000004f0H .rsrc$02                DATA

  Address         Publics by Value              Rva+Base               Lib:Object

 0000:00000000       __guard_fids_count         0000000000000000     <absolute>
 0000:00000000       __guard_flags              0000000000000000     <absolute>
 0000:00000000       __guard_fids_table         0000000000000000     <absolute>
 0000:00000000       ___safe_se_handler_count   0000000000000000     <absolute>
 0000:00000000       ___safe_se_handler_table   0000000000000000     <absolute>
 0000:00000000       __ImageBase                0000000180000000     <linker-defined>
 0001:00000340       ?length@?$char_traits@D@std@@SA_KPEBD@Z 0000000180001340 f i PhysicalCameraThread.obj
 0001:000003a0       ?copy@?$char_traits@D@std@@SAPEADPEADPEBD_K@Z 00000001800013a0 f i PhysicalCameraThread.obj
 0001:000003f0       ?move@?$char_traits@D@std@@SAPEADPEADPEBD_K@Z 00000001800013f0 f i PhysicalCameraThread.obj
 0001:00000440       ?assign@?$char_traits@D@std@@SAXAEADAEBD@Z 0000000180001440 f i PhysicalCameraThread.obj
 0001:00000460       ??2@YAPEAX_KPEAX@Z         0000000180001460 f i PhysicalCameraThread.obj
 0001:00000470       ?_Swap_alloc@?$_Vector_alloc@$0A@U?$_Vec_base_types@PEAEV?$allocator@PEAE@std@@@std@@@std@@QEAAXAEAV12@@Z 0000000180001470 f i StripeSync.obj
 0001:00000470       ?_Swap_alloc@?$_Vector_alloc@$0A@U?$_Vec_base_types@HV?$allocator@H@std@@@std@@@std@@QEAAXAEAV12@@Z 0000000180001470 f i StripeSync.obj
 0001:00000470       ??3@YAXPEAX0@Z             0000000180001470 f i PhysicalCameraThread.obj
 0001:00000470       ?_Compat@?$_Vb_const_iterator@U?$_Wrap_alloc@V?$allocator@I@std@@@std@@@std@@QEBAXAEBV12@@Z 0000000180001470 f i PhysicalCameraThread.obj
 0001:00000470       ??$destroy@PEAD@?$allocator@D@std@@QEAAXPEAPEAD@Z 0000000180001470 f i PhysicalCameraThread.obj
 0001:00000470       ?_Compat@?$_Vector_const_iterator@V?$_Vector_val@U?$_Simple_types@PEAVCPhysicalCameraThread@@@std@@@std@@@std@@QEBAXAEBV12@@Z 0000000180001470 f i IShotSync.obj
 0001:00000470       ?_Compat@?$_Vector_const_iterator@V?$_Vector_val@U?$_Simple_types@PEAE@std@@@std@@@std@@QEBAXAEBV12@@Z 0000000180001470 f i StripeSync.obj
 0001:00000470       ?_Compat@?$_Vector_const_iterator@V?$_Vector_val@U?$_Simple_types@PEAU_MY_IMAGE_@sn3DHandiSync@@@std@@@std@@@std@@QEBAXAEBV12@@Z 0000000180001470 f i IShotSync.obj
 0001:00000470       ?_Adopt@_Iterator_base0@std@@QEAAXPEBX@Z 0000000180001470 f i PhysicalCameraThread.obj
 0001:00000470       ?_Compat@?$_Vector_const_iterator@V?$_Vector_val@U?$_Simple_types@H@std@@@std@@@std@@QEBAXAEBV12@@Z 0000000180001470 f i StripeSync.obj
 0001:00000480       ??$_Val_type@PEAPEAD@std@@YAPEAPEADPEAPEAD@Z 0000000180001480 f i PhysicalCameraThread.obj
 0001:00000480       ??$_Val_type@PEAI@std@@YAPEAIPEAI@Z 0000000180001480 f i PhysicalCameraThread.obj
 0001:00000480       ??$_Val_type@PEAH@std@@YAPEAHPEAH@Z 0000000180001480 f i PhysicalCameraThread.obj
 0001:00000480       ?_Getcont@_Iterator_base0@std@@QEBAPEBU_Container_base0@2@XZ 0000000180001480 f i PhysicalCameraThread.obj
 0001:00000480       ??$_Val_type@PEAPEAX@std@@YAPEAPEAXPEAPEAX@Z 0000000180001480 f i PhysicalCameraThread.obj
 0001:00000480       ??$_Val_type@PEAW4CAM_COLOR_MODE@@@std@@YAPEAW4CAM_COLOR_MODE@@PEAW41@@Z 0000000180001480 f i StripeSync.obj
 0001:00000480       ??$_Val_type@PEAPEAE@std@@YAPEAPEAEPEAPEAE@Z 0000000180001480 f i PhysicalCameraThread.obj
 0001:00000480       ??$_Val_type@PEAV?$basic_string@DU?$char_traits@D@std@@V?$allocator@D@2@@std@@@std@@YAPEAV?$basic_string@DU?$char_traits@D@std@@V?$allocator@D@2@@0@PEAV10@@Z 0000000180001480 f i IShotSync.obj
 0001:00000480       ??$_Val_type@PEAPEAVCPhysicalCameraThread@@@std@@YAPEAPEAVCPhysicalCameraThread@@PEAPEAV1@@Z 0000000180001480 f i IShotSync.obj
 0001:00000480       ??$_Val_type@PEAPEAH@std@@YAPEAPEAHPEAPEAH@Z 0000000180001480 f i StripeSync.obj
 0001:00000480       ??$_Val_type@PEAPEAU_MY_IMAGE_@sn3DHandiSync@@@std@@YAPEAPEAU_MY_IMAGE_@sn3DHandiSync@@PEAPEAU12@@Z 0000000180001480 f i IShotSync.obj
 0001:00000490       ??0error_category@std@@QEAA@XZ 0000000180001490 f i PhysicalCameraThread.obj
 0001:000004b0       ??1error_category@std@@UEAA@XZ 00000001800014b0 f i PhysicalCameraThread.obj
 0001:000004d0       ??8error_category@std@@QEBA_NAEBV01@@Z 00000001800014d0 f i PhysicalCameraThread.obj
 0001:00000510       ??_Eerror_category@std@@UEAAPEAXI@Z 0000000180001510 f i * CIL library *:* CIL module *
 0001:00000510       ??_Gerror_category@std@@UEAAPEAXI@Z 0000000180001510 f i PhysicalCameraThread.obj
 0001:00000550       ?value@error_condition@std@@QEBAHXZ 0000000180001550 f i PhysicalCameraThread.obj
 0001:00000550       ?value@error_code@std@@QEBAHXZ 0000000180001550 f i PhysicalCameraThread.obj
 0001:00000560       ?category@error_condition@std@@QEBAAEBVerror_category@2@XZ 0000000180001560 f i PhysicalCameraThread.obj
 0001:00000560       ?category@error_code@std@@QEBAAEBVerror_category@2@XZ 0000000180001560 f i PhysicalCameraThread.obj
 0001:00000570       ??0error_condition@std@@QEAA@HAEBVerror_category@1@@Z 0000000180001570 f i PhysicalCameraThread.obj
 0001:000005a0       ??8error_condition@std@@QEBA_NAEBV01@@Z 00000001800015a0 f i PhysicalCameraThread.obj
 0001:00000620       ?default_error_condition@error_category@std@@UEBA?AVerror_condition@2@H@Z 0000000180001620 f i PhysicalCameraThread.obj
 0001:00000650       ?equivalent@error_category@std@@UEBA_NHAEBVerror_condition@2@@Z 0000000180001650 f i PhysicalCameraThread.obj
 0001:00000690       ?equivalent@error_category@std@@UEBA_NAEBVerror_code@2@H@Z 0000000180001690 f i PhysicalCameraThread.obj
 0001:000006f0       ??0_Generic_error_category@std@@QEAA@XZ 00000001800016f0 f i PhysicalCameraThread.obj
 0001:00000720       ?name@_Generic_error_category@std@@UEBAPEBDXZ 0000000180001720 f i PhysicalCameraThread.obj
 0001:00000730       ?message@_Generic_error_category@std@@UEBA?AV?$basic_string@DU?$char_traits@D@std@@V?$allocator@D@2@@2@H@Z 0000000180001730 f i PhysicalCameraThread.obj
 0001:000007a0       ??_G_Generic_error_category@std@@UEAAPEAXI@Z 00000001800017a0 f i PhysicalCameraThread.obj
 0001:000007a0       ??_E_Generic_error_category@std@@UEAAPEAXI@Z 00000001800017a0 f i * CIL library *:* CIL module *
 0001:000007e0       ??1_Generic_error_category@std@@UEAA@XZ 00000001800017e0 f i PhysicalCameraThread.obj
 0001:00000800       ??0_Iostream_error_category@std@@QEAA@XZ 0000000180001800 f i PhysicalCameraThread.obj
 0001:00000830       ?name@_Iostream_error_category@std@@UEBAPEBDXZ 0000000180001830 f i PhysicalCameraThread.obj
 0001:00000840       ?message@_Iostream_error_category@std@@UEBA?AV?$basic_string@DU?$char_traits@D@std@@V?$allocator@D@2@@2@H@Z 0000000180001840 f i PhysicalCameraThread.obj
 0001:000008b0       ??_E_System_error_category@std@@UEAAPEAXI@Z 00000001800018b0 f i * CIL library *:* CIL module *
 0001:000008b0       ??_E_Iostream_error_category@std@@UEAAPEAXI@Z 00000001800018b0 f i * CIL library *:* CIL module *
 0001:000008b0       ??_G_Iostream_error_category@std@@UEAAPEAXI@Z 00000001800018b0 f i PhysicalCameraThread.obj
 0001:000008b0       ??_G_System_error_category@std@@UEAAPEAXI@Z 00000001800018b0 f i PhysicalCameraThread.obj
 0001:000008f0       ??1_System_error_category@std@@UEAA@XZ 00000001800018f0 f i PhysicalCameraThread.obj
 0001:000008f0       ??1_Iostream_error_category@std@@UEAA@XZ 00000001800018f0 f i PhysicalCameraThread.obj
 0001:00000910       ??0_System_error_category@std@@QEAA@XZ 0000000180001910 f i PhysicalCameraThread.obj
 0001:00000940       ?name@_System_error_category@std@@UEBAPEBDXZ 0000000180001940 f i PhysicalCameraThread.obj
 0001:00000950       ?message@_System_error_category@std@@UEBA?AV?$basic_string@DU?$char_traits@D@std@@V?$allocator@D@2@@2@H@Z 0000000180001950 f i PhysicalCameraThread.obj
 0001:000009c0       ?default_error_condition@_System_error_category@std@@UEBA?AVerror_condition@2@H@Z 00000001800019c0 f i PhysicalCameraThread.obj
 0001:00000a30       ?generic_category@std@@YAAEBVerror_category@1@XZ 0000000180001a30 f i PhysicalCameraThread.obj
 0001:00000a40       ?system_category@std@@YAAEBVerror_category@1@XZ 0000000180001a40 f i PhysicalCameraThread.obj
 0001:00000a50       ?_AtlInitializeCriticalSectionEx@ATL@@YAHPEAU_RTL_CRITICAL_SECTION@@KK@Z 0000000180001a50 f i PhysicalCameraThread.obj
 0001:00000a80       ?_AfxInitManaged@@YAHXZ    0000000180001a80 f i PhysicalCameraThread.obj
 0001:00000a90       ?GetChannelFromImgFormat@@YAHW4SN_IMG_FORMAT@@@Z 0000000180001a90 f   PhysicalCameraThread.obj
 0001:00000ae0       ?IsColorImgFormat@@YA_NW4SN_IMG_FORMAT@@@Z 0000000180001ae0 f   PhysicalCameraThread.obj
 0001:00000b00       ??0CPhysicalCameraThread@@QEAA@XZ 0000000180001b00 f   PhysicalCameraThread.obj
 0001:00000c40       ??1CPhysicalCameraThread@@QEAA@XZ 0000000180001c40 f   PhysicalCameraThread.obj
 0001:00000d70       ?GetAllSpecifyTypeCameraInformation@CPhysicalCameraThread@@SAHAEBQEBDAEAV?$vector@PEADV?$allocator@PEAD@std@@@std@@AEAV?$vector@_NV?$allocator@_N@std@@@3@@Z 0000000180001d70 f   PhysicalCameraThread.obj
 0001:000011a0       ?IsConnectOnU3@CPhysicalCameraThread@@SAHAEBQEBDAEA_N@Z 00000001800021a0 f   PhysicalCameraThread.obj
 0001:000012e0       ?InializeCamera@CPhysicalCameraThread@@QEAA_NAEBQEBD@Z 00000001800022e0 f   PhysicalCameraThread.obj
 0001:00001330       ?OpenCamera@CPhysicalCameraThread@@QEAA_NAEBQEBDAEBH1@Z 0000000180002330 f   PhysicalCameraThread.obj
 0001:00001440       ?ReOpenCamera@CPhysicalCameraThread@@QEAA_NXZ 0000000180002440 f   PhysicalCameraThread.obj
 0001:00001520       ?SetCameraID@CPhysicalCameraThread@@QEAAXAEBH@Z 0000000180002520 f   PhysicalCameraThread.obj
 0001:00001550       ?CloseCamera@CPhysicalCameraThread@@QEAA_NXZ 0000000180002550 f   PhysicalCameraThread.obj
 0001:00001610       ?StartCamera@CPhysicalCameraThread@@QEAA_NXZ 0000000180002610 f   PhysicalCameraThread.obj
 0001:00001650       ?StartThread@CPhysicalCameraThread@@QEAA_NXZ 0000000180002650 f   PhysicalCameraThread.obj
 0001:000016d0       ?StopThread@CPhysicalCameraThread@@QEAA_NXZ 00000001800026d0 f   PhysicalCameraThread.obj
 0001:00001740       ?PauseThread@CPhysicalCameraThread@@QEAAXXZ 0000000180002740 f   PhysicalCameraThread.obj
 0001:00001790       ?ResumeThread@CPhysicalCameraThread@@QEAAXXZ 0000000180002790 f   PhysicalCameraThread.obj
 0001:000017e0       ?SnapShot@CPhysicalCameraThread@@QEAA_NAEAPEAEAEB_N@Z 00000001800027e0 f   PhysicalCameraThread.obj
 0001:00001a70       ?CopyData@CPhysicalCameraThread@@QEAA_NAEAPEAEAEB_N@Z 0000000180002a70 f   PhysicalCameraThread.obj
 0001:00001d80       ?GetSerialNo@CPhysicalCameraThread@@QEAA?AV?$basic_string@DU?$char_traits@D@std@@V?$allocator@D@2@@std@@XZ 0000000180002d80 f   PhysicalCameraThread.obj
 0001:00001e10       ?GetCurrenRes@CPhysicalCameraThread@@QEAA_NAEAH0@Z 0000000180002e10 f   PhysicalCameraThread.obj
 0001:00001e60       ?GetColorMode@CPhysicalCameraThread@@QEAA_NAEAW4CAM_COLOR_MODE@@@Z 0000000180002e60 f   PhysicalCameraThread.obj
 0001:00001f00       ?GetPixelSize@CPhysicalCameraThread@@QEAAHXZ 0000000180002f00 f   PhysicalCameraThread.obj
 0001:00001f90       ?SetExposureTime@CPhysicalCameraThread@@QEAA_NAEBJ@Z 0000000180002f90 f   PhysicalCameraThread.obj
 0001:00001fd0       ?GetExposureTime@CPhysicalCameraThread@@QEAA_NAEAJ@Z 0000000180002fd0 f   PhysicalCameraThread.obj
 0001:00002010       ?SetGain@CPhysicalCameraThread@@QEAA_NH@Z 0000000180003010 f   PhysicalCameraThread.obj
 0001:00002050       ?GetGain@CPhysicalCameraThread@@QEAA_NAEAH@Z 0000000180003050 f   PhysicalCameraThread.obj
 0001:000020b0       ?SetTriggerMode@CPhysicalCameraThread@@QEAA_NAEBW4CAM_TRIGGER_MODE@@@Z 00000001800030b0 f   PhysicalCameraThread.obj
 0001:00002150       ?GetTriggerMode@CPhysicalCameraThread@@QEAA_NAEAW4CAM_TRIGGER_MODE@@@Z 0000000180003150 f   PhysicalCameraThread.obj
 0001:000021c0       ?SetCameraToInitializedState@CPhysicalCameraThread@@QEAAXXZ 00000001800031c0 f   PhysicalCameraThread.obj
 0001:00002230       ?ResetCameraState@CPhysicalCameraThread@@QEAA_NXZ 0000000180003230 f   PhysicalCameraThread.obj
 0001:00002250       ?SetCallBackFunction@CPhysicalCameraThread@@QEAAXP6AXAEBQEBXAEBHAEBQEBE111@ZPEAX@Z 0000000180003250 f   PhysicalCameraThread.obj
 0001:000022f0       ?SetScanCallBackFunction@CPhysicalCameraThread@@QEAAXP6AXAEBQEBXAEBHAEBQEBE111@ZPEAX@Z 00000001800032f0 f   PhysicalCameraThread.obj
 0001:00002380       ?AutoWhiteBalance@CPhysicalCameraThread@@QEAA_NAEB_NAEBM11@Z 0000000180003380 f   PhysicalCameraThread.obj
 0001:000024d0       ?GetWhiteBalanceRatio@CPhysicalCameraThread@@QEAAXAEAM00@Z 00000001800034d0 f   PhysicalCameraThread.obj
 0001:00002530       ?GetCurTypeCameraCount@CPhysicalCameraThread@@QEAA_NAEAH@Z 0000000180003530 f   PhysicalCameraThread.obj
 0001:00002590       ?CallBackEndShot@CPhysicalCameraThread@@QEAAXHHHH@Z 0000000180003590 f   PhysicalCameraThread.obj
 0001:00002680       ?PrintCameraSnapFailInformation@CPhysicalCameraThread@@QEAA_NAEB_N@Z 0000000180003680 f   PhysicalCameraThread.obj
 0001:000026a0       ?SetCameraBinning@CPhysicalCameraThread@@QEAA_NH@Z 00000001800036a0 f   PhysicalCameraThread.obj
 0001:000026f0       ?ResetStatusToInitialize@CPhysicalCameraThread@@QEAAXXZ 00000001800036f0 f   PhysicalCameraThread.obj
 0001:00002730       ?SplitImage@CPhysicalCameraThread@@QEAA_NAEAV?$vector@PEAEV?$allocator@PEAE@std@@@std@@AEAV?$vector@HV?$allocator@H@std@@@3@11PEAE@Z 0000000180003730 f   PhysicalCameraThread.obj
 0001:00002ad0       ?SpecifiedCameraTimeStampSource@CPhysicalCameraThread@@QEAAXW4TIMESTAMP_SRC@@@Z 0000000180003ad0 f   PhysicalCameraThread.obj
 0001:00002b10       ?ThreadFun@CPhysicalCameraThread@@KAIPEAX@Z 0000000180003b10 f   PhysicalCameraThread.obj
 0001:00002c60       ??0?$basic_string@DU?$char_traits@D@std@@V?$allocator@D@2@@std@@QEAA@XZ 0000000180003c60 f i PhysicalCameraThread.obj
 0001:00002ca0       ??0?$basic_string@DU?$char_traits@D@std@@V?$allocator@D@2@@std@@QEAA@PEBD@Z 0000000180003ca0 f i PhysicalCameraThread.obj
 0001:00002cf0       ??0?$basic_string@DU?$char_traits@D@std@@V?$allocator@D@2@@std@@QEAA@$$QEAV01@@Z 0000000180003cf0 f i PhysicalCameraThread.obj
 0001:00002d50       ??1?$basic_string@DU?$char_traits@D@std@@V?$allocator@D@2@@std@@QEAA@XZ 0000000180003d50 f i PhysicalCameraThread.obj
 0001:00002d70       ??4?$basic_string@DU?$char_traits@D@std@@V?$allocator@D@2@@std@@QEAAAEAV01@PEBD@Z 0000000180003d70 f i PhysicalCameraThread.obj
 0001:00002da0       ?c_str@?$basic_string@DU?$char_traits@D@std@@V?$allocator@D@2@@std@@QEBAPEBDXZ 0000000180003da0 f i PhysicalCameraThread.obj
 0001:00002dc0       ??0?$vector@HV?$allocator@H@std@@@std@@QEAA@XZ 0000000180003dc0 f i sn3DHandiSyncControl.obj
 0001:00002dc0       ??0?$vector@V?$basic_string@DU?$char_traits@D@std@@V?$allocator@D@2@@std@@V?$allocator@V?$basic_string@DU?$char_traits@D@std@@V?$allocator@D@2@@std@@@2@@std@@QEAA@XZ 0000000180003dc0 f i IShotSync.obj
 0001:00002dc0       ??0?$vector@PEAEV?$allocator@PEAE@std@@@std@@QEAA@XZ 0000000180003dc0 f i StripeSync.obj
 0001:00002dc0       ??0?$vector@PEAU_MY_IMAGE_@sn3DHandiSync@@V?$allocator@PEAU_MY_IMAGE_@sn3DHandiSync@@@std@@@std@@QEAA@XZ 0000000180003dc0 f i IShotSync.obj
 0001:00002dc0       ??0?$vector@W4CAM_COLOR_MODE@@V?$allocator@W4CAM_COLOR_MODE@@@std@@@std@@QEAA@XZ 0000000180003dc0 f i StripeSync.obj
 0001:00002dc0       ??0?$vector@PEAHV?$allocator@PEAH@std@@@std@@QEAA@XZ 0000000180003dc0 f i StripeSync.obj
 0001:00002dc0       ??0?$vector@PEAXV?$allocator@PEAX@std@@@std@@QEAA@XZ 0000000180003dc0 f i PhysicalCameraThread.obj
 0001:00002dc0       ??0?$vector@PEAVCPhysicalCameraThread@@V?$allocator@PEAVCPhysicalCameraThread@@@std@@@std@@QEAA@XZ 0000000180003dc0 f i IShotSync.obj
 0001:00002df0       ??1?$vector@PEAVCPhysicalCameraThread@@V?$allocator@PEAVCPhysicalCameraThread@@@std@@@std@@QEAA@XZ 0000000180003df0 f i IShotSync.obj
 0001:00002df0       ??1?$vector@PEAHV?$allocator@PEAH@std@@@std@@QEAA@XZ 0000000180003df0 f i StripeSync.obj
 0001:00002df0       ??1?$vector@PEAEV?$allocator@PEAE@std@@@std@@QEAA@XZ 0000000180003df0 f i StripeSync.obj
 0001:00002df0       ??1?$vector@PEAU_MY_IMAGE_@sn3DHandiSync@@V?$allocator@PEAU_MY_IMAGE_@sn3DHandiSync@@@std@@@std@@QEAA@XZ 0000000180003df0 f i IShotSync.obj
 0001:00002df0       ??1?$vector@PEAXV?$allocator@PEAX@std@@@std@@QEAA@XZ 0000000180003df0 f i PhysicalCameraThread.obj
 0001:00002df0       ??1?$vector@PEADV?$allocator@PEAD@std@@@std@@QEAA@XZ 0000000180003df0 f i IShotSync.obj
 0001:00002e10       ?size@?$vector@PEAXV?$allocator@PEAX@std@@@std@@QEBA_KXZ 0000000180003e10 f i PhysicalCameraThread.obj
 0001:00002e10       ?size@?$vector@PEAU_MY_IMAGE_@sn3DHandiSync@@V?$allocator@PEAU_MY_IMAGE_@sn3DHandiSync@@@std@@@std@@QEBA_KXZ 0000000180003e10 f i IShotSync.obj
 0001:00002e10       ?size@?$vector@PEAHV?$allocator@PEAH@std@@@std@@QEBA_KXZ 0000000180003e10 f i StripeSync.obj
 0001:00002e10       ?size@?$vector@PEAEV?$allocator@PEAE@std@@@std@@QEBA_KXZ 0000000180003e10 f i PhysicalCameraThread.obj
 0001:00002e10       ?size@?$vector@PEAVCPhysicalCameraThread@@V?$allocator@PEAVCPhysicalCameraThread@@@std@@@std@@QEBA_KXZ 0000000180003e10 f i DpLaserSync.obj
 0001:00002e10       ?size@?$vector@PEADV?$allocator@PEAD@std@@@std@@QEBA_KXZ 0000000180003e10 f i PhysicalCameraThread.obj
 0001:00002e30       ??A?$vector@PEAXV?$allocator@PEAX@std@@@std@@QEAAAEAPEAX_K@Z 0000000180003e30 f i PhysicalCameraThread.obj
 0001:00002e30       ??A?$vector@PEADV?$allocator@PEAD@std@@@std@@QEBAAEBQEAD_K@Z 0000000180003e30 f i sn3DHandiSyncControl.obj
 0001:00002e30       ??A?$vector@PEAU_MY_IMAGE_@sn3DHandiSync@@V?$allocator@PEAU_MY_IMAGE_@sn3DHandiSync@@@std@@@std@@QEAAAEAPEAU_MY_IMAGE_@sn3DHandiSync@@_K@Z 0000000180003e30 f i IShotSync.obj
 0001:00002e30       ??A?$vector@PEAVCPhysicalCameraThread@@V?$allocator@PEAVCPhysicalCameraThread@@@std@@@std@@QEAAAEAPEAVCPhysicalCameraThread@@_K@Z 0000000180003e30 f i DpLaserSync.obj
 0001:00002e30       ??A?$vector@PEADV?$allocator@PEAD@std@@@std@@QEAAAEAPEAD_K@Z 0000000180003e30 f i IShotSync.obj
 0001:00002e30       ??A?$vector@PEAHV?$allocator@PEAH@std@@@std@@QEAAAEAPEAH_K@Z 0000000180003e30 f i StripeSync.obj
 0001:00002e30       ??A?$vector@PEAEV?$allocator@PEAE@std@@@std@@QEAAAEAPEAE_K@Z 0000000180003e30 f i StripeSync.obj
 0001:00002e50       ?push_back@?$vector@PEAVCPhysicalCameraThread@@V?$allocator@PEAVCPhysicalCameraThread@@@std@@@std@@QEAAXAEBQEAVCPhysicalCameraThread@@@Z 0000000180003e50 f i IShotSync.obj
 0001:00002e50       ?push_back@?$vector@PEAEV?$allocator@PEAE@std@@@std@@QEAAXAEBQEAE@Z 0000000180003e50 f i PhysicalCameraThread.obj
 0001:00002e50       ?push_back@?$vector@PEAXV?$allocator@PEAX@std@@@std@@QEAAXAEBQEAX@Z 0000000180003e50 f i PhysicalCameraThread.obj
 0001:00002e50       ?push_back@?$vector@PEADV?$allocator@PEAD@std@@@std@@QEAAXAEBQEAD@Z 0000000180003e50 f i PhysicalCameraThread.obj
 0001:00002fb0       ?push_back@?$vector@_NV?$allocator@_N@std@@@std@@QEAAXAEB_N@Z 0000000180003fb0 f i PhysicalCameraThread.obj
 0001:00003030       ?push_back@?$vector@HV?$allocator@H@std@@@std@@QEAAX$$QEAH@Z 0000000180004030 f i PhysicalCameraThread.obj
 0001:000031b0       ?push_back@?$vector@HV?$allocator@H@std@@@std@@QEAAXAEBH@Z 00000001800041b0 f i PhysicalCameraThread.obj
 0001:000031b0       ?push_back@?$vector@W4CAM_COLOR_MODE@@V?$allocator@W4CAM_COLOR_MODE@@@std@@@std@@QEAAXAEBW4CAM_COLOR_MODE@@@Z 00000001800041b0 f i StripeSync.obj
 0001:00003310       ?_Assign_rv@?$basic_string@DU?$char_traits@D@std@@V?$allocator@D@2@@std@@QEAAX$$QEAV12@@Z 0000000180004310 f i PhysicalCameraThread.obj
 0001:000033e0       ?assign@?$basic_string@DU?$char_traits@D@std@@V?$allocator@D@2@@std@@QEAAAEAV12@AEBV12@_K1@Z 00000001800043e0 f i PhysicalCameraThread.obj
 0001:000034e0       ?assign@?$basic_string@DU?$char_traits@D@std@@V?$allocator@D@2@@std@@QEAAAEAV12@PEBD@Z 00000001800044e0 f i PhysicalCameraThread.obj
 0001:00003510       ?length@?$basic_string@DU?$char_traits@D@std@@V?$allocator@D@2@@std@@QEBA_KXZ 0000000180004510 f i sn3DHandiSyncControl.obj
 0001:00003510       ?size@?$basic_string@DU?$char_traits@D@std@@V?$allocator@D@2@@std@@QEBA_KXZ 0000000180004510 f i PhysicalCameraThread.obj
 0001:00003520       ?_Tidy@?$basic_string@DU?$char_traits@D@std@@V?$allocator@D@2@@std@@QEAAX_N_K@Z 0000000180004520 f i PhysicalCameraThread.obj
 0001:00003600       ??$_Unchecked@PEAPEAVCPhysicalCameraThread@@@std@@YAPEAPEAVCPhysicalCameraThread@@PEAPEAV1@@Z 0000000180004600 f i IShotSync.obj
 0001:00003600       ??0?$allocator@PEAD@std@@QEAA@XZ 0000000180004600 f i PhysicalCameraThread.obj
 0001:00003600       ??$_Move@AEAPEAPEAE@std@@YA$$QEAPEAPEAEAEAPEAPEAE@Z 0000000180004600 f i StripeSync.obj
 0001:00003600       ??$addressof@I@std@@YAPEAIAEAI@Z 0000000180004600 f i PhysicalCameraThread.obj
 0001:00003600       ??0?$allocator@I@std@@QEAA@XZ 0000000180004600 f i PhysicalCameraThread.obj
 0001:00003600       ??0?$allocator@D@std@@QEAA@XZ 0000000180004600 f i PhysicalCameraThread.obj
 0001:00003600       ??$forward@AEBH@std@@YAAEBHAEBH@Z 0000000180004600 f i PhysicalCameraThread.obj
 0001:00003600       ??$_Unchecked@PEAW4CAM_COLOR_MODE@@@std@@YAPEAW4CAM_COLOR_MODE@@PEAW41@@Z 0000000180004600 f i StripeSync.obj
 0001:00003600       ??0?$allocator@PEAH@std@@QEAA@XZ 0000000180004600 f i StripeSync.obj
 0001:00003600       ??$_Unchecked@PEAPEAE@std@@YAPEAPEAEPEAPEAE@Z 0000000180004600 f i PhysicalCameraThread.obj
 0001:00003600       ??$forward@AEAPEAD@std@@YAAEAPEADAEAPEAD@Z 0000000180004600 f i PhysicalCameraThread.obj
 0001:00003600       ??$_Unchecked@PEAPEAH@std@@YAPEAPEAHPEAPEAH@Z 0000000180004600 f i StripeSync.obj
 0001:00003600       ??$_Unchecked@PEAV?$basic_string@DU?$char_traits@D@std@@V?$allocator@D@2@@std@@@std@@YAPEAV?$basic_string@DU?$char_traits@D@std@@V?$allocator@D@2@@0@PEAV10@@Z 0000000180004600 f i IShotSync.obj
 0001:00003600       ??0?$allocator@PEAE@std@@QEAA@XZ 0000000180004600 f i PhysicalCameraThread.obj
 0001:00003600       ??$forward@AEAPEAVCPhysicalCameraThread@@@std@@YAAEAPEAVCPhysicalCameraThread@@AEAPEAV1@@Z 0000000180004600 f i IShotSync.obj
 0001:00003600       ??0?$allocator@H@std@@QEAA@XZ 0000000180004600 f i PhysicalCameraThread.obj
 0001:00003600       ??$forward@PEAU_MY_IMAGE_@sn3DHandiSync@@@std@@YA$$QEAPEAU_MY_IMAGE_@sn3DHandiSync@@AEAPEAU12@@Z 0000000180004600 f i IShotSync.obj
 0001:00003600       ??$forward@PEAE@std@@YA$$QEAPEAEAEAPEAE@Z 0000000180004600 f i IShotSync.obj
 0001:00003600       ??$addressof@QEAX@std@@YAPEBQEAXAEBQEAX@Z 0000000180004600 f i PhysicalCameraThread.obj
 0001:00003600       ??$addressof@$$CBW4CAM_COLOR_MODE@@@std@@YAPEBW4CAM_COLOR_MODE@@AEBW41@@Z 0000000180004600 f i StripeSync.obj
 0001:00003600       ??$_Unchecked@PEAPEAX@std@@YAPEAPEAXPEAPEAX@Z 0000000180004600 f i PhysicalCameraThread.obj
 0001:00003600       ??$addressof@$$CBI@std@@YAPEBIAEBI@Z 0000000180004600 f i PhysicalCameraThread.obj
 0001:00003600       ??$forward@H@std@@YA$$QEAHAEAH@Z 0000000180004600 f i PhysicalCameraThread.obj
 0001:00003600       ??0?$allocator@PEAX@std@@QEAA@XZ 0000000180004600 f i PhysicalCameraThread.obj
 0001:00003600       ??$forward@AEBQEAE@std@@YAAEBQEAEAEBQEAE@Z 0000000180004600 f i PhysicalCameraThread.obj
 0001:00003600       ??$forward@AEBQEAVCPhysicalCameraThread@@@std@@YAAEBQEAVCPhysicalCameraThread@@AEBQEAV1@@Z 0000000180004600 f i IShotSync.obj
 0001:00003600       ??$forward@PEAH@std@@YA$$QEAPEAHAEAPEAH@Z 0000000180004600 f i StripeSync.obj
 0001:00003600       ??$forward@AEBQEAX@std@@YAAEBQEAXAEBQEAX@Z 0000000180004600 f i PhysicalCameraThread.obj
 0001:00003600       ??$_Unchecked@PEAPEAD@std@@YAPEAPEADPEAPEAD@Z 0000000180004600 f i PhysicalCameraThread.obj
 0001:00003600       ??$_Unchecked@PEAPEAU_MY_IMAGE_@sn3DHandiSync@@@std@@YAPEAPEAU_MY_IMAGE_@sn3DHandiSync@@PEAPEAU12@@Z 0000000180004600 f i IShotSync.obj
 0001:00003600       ??$forward@AEAH@std@@YAAEAHAEAH@Z 0000000180004600 f i PhysicalCameraThread.obj
 0001:00003600       ??$forward@AEBW4CAM_COLOR_MODE@@@std@@YAAEBW4CAM_COLOR_MODE@@AEBW41@@Z 0000000180004600 f i StripeSync.obj
 0001:00003600       ??$forward@AEAPEAE@std@@YAAEAPEAEAEAPEAE@Z 0000000180004600 f i PhysicalCameraThread.obj
 0001:00003600       ??$forward@V?$basic_string@DU?$char_traits@D@std@@V?$allocator@D@2@@std@@@std@@YA$$QEAV?$basic_string@DU?$char_traits@D@std@@V?$allocator@D@2@@0@AEAV10@@Z 0000000180004600 f i PhysicalCameraThread.obj
 0001:00003600       ??$addressof@PEAE@std@@YAPEAPEAEAEAPEAE@Z 0000000180004600 f i IShotSync.obj
 0001:00003600       ??$_Move@AEAPEAH@std@@YA$$QEAPEAHAEAPEAH@Z 0000000180004600 f i StripeSync.obj
 0001:00003600       ??0?$allocator@PEAU_MY_IMAGE_@sn3DHandiSync@@@std@@QEAA@XZ 0000000180004600 f i IShotSync.obj
 0001:00003600       ??0?$allocator@V?$basic_string@DU?$char_traits@D@std@@V?$allocator@D@2@@std@@@std@@QEAA@XZ 0000000180004600 f i IShotSync.obj
 0001:00003600       ??$forward@AEAPEAX@std@@YAAEAPEAXAEAPEAX@Z 0000000180004600 f i PhysicalCameraThread.obj
 0001:00003600       ??$forward@AEAW4CAM_COLOR_MODE@@@std@@YAAEAW4CAM_COLOR_MODE@@AEAW41@@Z 0000000180004600 f i StripeSync.obj
 0001:00003600       ??$addressof@H@std@@YAPEAHAEAH@Z 0000000180004600 f i PhysicalCameraThread.obj
 0001:00003600       ??$forward@AEBQEAD@std@@YAAEBQEADAEBQEAD@Z 0000000180004600 f i PhysicalCameraThread.obj
 0001:00003600       ??0?$allocator@W4CAM_COLOR_MODE@@@std@@QEAA@XZ 0000000180004600 f i StripeSync.obj
 0001:00003600       ??$_Unchecked@PEAH@std@@YAPEAHPEAH@Z 0000000180004600 f i PhysicalCameraThread.obj
 0001:00003600       ??$addressof@$$CBH@std@@YAPEBHAEBH@Z 0000000180004600 f i PhysicalCameraThread.obj
 0001:00003600       ??$addressof@D@std@@YAPEADAEAD@Z 0000000180004600 f i PhysicalCameraThread.obj
 0001:00003600       ??$addressof@PEAH@std@@YAPEAPEAHAEAPEAH@Z 0000000180004600 f i StripeSync.obj
 0001:00003600       ??$_Unchecked@PEAI@std@@YAPEAIPEAI@Z 0000000180004600 f i PhysicalCameraThread.obj
 0001:00003600       ??$addressof@QEAE@std@@YAPEBQEAEAEBQEAE@Z 0000000180004600 f i PhysicalCameraThread.obj
 0001:00003600       ??0?$allocator@PEAVCPhysicalCameraThread@@@std@@QEAA@XZ 0000000180004600 f i IShotSync.obj
 0001:00003600       ??$addressof@QEAVCPhysicalCameraThread@@@std@@YAPEBQEAVCPhysicalCameraThread@@AEBQEAV1@@Z 0000000180004600 f i IShotSync.obj
 0001:00003600       ??$addressof@PEAU_MY_IMAGE_@sn3DHandiSync@@@std@@YAPEAPEAU_MY_IMAGE_@sn3DHandiSync@@AEAPEAU12@@Z 0000000180004600 f i IShotSync.obj
 0001:00003600       ??$addressof@V?$basic_string@DU?$char_traits@D@std@@V?$allocator@D@2@@std@@@std@@YAPEAV?$basic_string@DU?$char_traits@D@std@@V?$allocator@D@2@@0@AEAV10@@Z 0000000180004600 f i IShotSync.obj
 0001:00003600       ??$addressof@QEAD@std@@YAPEBQEADAEBQEAD@Z 0000000180004600 f i PhysicalCameraThread.obj
 0001:00003610       ?deallocate@?$allocator@PEAE@std@@QEAAXPEAPEAE_K@Z 0000000180004610 f i PhysicalCameraThread.obj
 0001:00003610       ?deallocate@?$allocator@PEAVCPhysicalCameraThread@@@std@@QEAAXPEAPEAVCPhysicalCameraThread@@_K@Z 0000000180004610 f i IShotSync.obj
 0001:00003610       ?deallocate@?$allocator@I@std@@QEAAXPEAI_K@Z 0000000180004610 f i PhysicalCameraThread.obj
 0001:00003610       ?deallocate@?$allocator@V?$basic_string@DU?$char_traits@D@std@@V?$allocator@D@2@@std@@@std@@QEAAXPEAV?$basic_string@DU?$char_traits@D@std@@V?$allocator@D@2@@2@_K@Z 0000000180004610 f i IShotSync.obj
 0001:00003610       ?deallocate@?$allocator@W4CAM_COLOR_MODE@@@std@@QEAAXPEAW4CAM_COLOR_MODE@@_K@Z 0000000180004610 f i StripeSync.obj
 0001:00003610       ?deallocate@?$allocator@H@std@@QEAAXPEAH_K@Z 0000000180004610 f i PhysicalCameraThread.obj
 0001:00003610       ?deallocate@?$allocator@D@std@@QEAAXPEAD_K@Z 0000000180004610 f i PhysicalCameraThread.obj
 0001:00003610       ?deallocate@?$allocator@PEAD@std@@QEAAXPEAPEAD_K@Z 0000000180004610 f i PhysicalCameraThread.obj
 0001:00003610       ?deallocate@?$allocator@PEAX@std@@QEAAXPEAPEAX_K@Z 0000000180004610 f i PhysicalCameraThread.obj
 0001:00003610       ?deallocate@?$allocator@PEAH@std@@QEAAXPEAPEAH_K@Z 0000000180004610 f i StripeSync.obj
 0001:00003610       ?deallocate@?$allocator@PEAU_MY_IMAGE_@sn3DHandiSync@@@std@@QEAAXPEAPEAU_MY_IMAGE_@sn3DHandiSync@@_K@Z 0000000180004610 f i IShotSync.obj
 0001:00003640       ?allocate@?$allocator@D@std@@QEAAPEAD_K@Z 0000000180004640 f i PhysicalCameraThread.obj
 0001:00003660       ??0?$_String_alloc@$0A@U?$_String_base_types@DV?$allocator@D@std@@@std@@@std@@QEAA@AEBV?$allocator@D@1@@Z 0000000180004660 f i PhysicalCameraThread.obj
 0001:00003690       ?_Getal@?$_Vector_alloc@$0A@U?$_Vec_base_types@PEAEV?$allocator@PEAE@std@@@std@@@std@@QEBA?AU?$_Wrap_alloc@V?$allocator@PEAE@std@@@2@XZ 0000000180004690 f i PhysicalCameraThread.obj
 0001:00003690       ?_Getal@?$_Vector_alloc@$0A@U?$_Vec_base_types@PEAHV?$allocator@PEAH@std@@@std@@@std@@QEBA?AU?$_Wrap_alloc@V?$allocator@PEAH@std@@@2@XZ 0000000180004690 f i StripeSync.obj
 0001:00003690       ?_Getal@?$_Vector_alloc@$0A@U?$_Vec_base_types@PEAXV?$allocator@PEAX@std@@@std@@@std@@QEBA?AU?$_Wrap_alloc@V?$allocator@PEAX@std@@@2@XZ 0000000180004690 f i PhysicalCameraThread.obj
 0001:00003690       ?_Getal@?$_Vector_alloc@$0A@U?$_Vec_base_types@PEAVCPhysicalCameraThread@@V?$allocator@PEAVCPhysicalCameraThread@@@std@@@std@@@std@@QEBA?AU?$_Wrap_alloc@V?$allocator@PEAVCPhysicalCameraThread@@@std@@@2@XZ 0000000180004690 f i IShotSync.obj
 0001:00003690       ?_Getal@?$_Vector_alloc@$0A@U?$_Vec_base_types@HV?$allocator@H@std@@@std@@@std@@QEBA?AU?$_Wrap_alloc@V?$allocator@H@std@@@2@XZ 0000000180004690 f i PhysicalCameraThread.obj
 0001:00003690       ?_Getal@?$_String_alloc@$0A@U?$_String_base_types@DV?$allocator@D@std@@@std@@@std@@QEBA?AU?$_Wrap_alloc@V?$allocator@D@std@@@2@XZ 0000000180004690 f i PhysicalCameraThread.obj
 0001:00003690       ?_Getal@?$_Vector_alloc@$0A@U?$_Vec_base_types@W4CAM_COLOR_MODE@@V?$allocator@W4CAM_COLOR_MODE@@@std@@@std@@@std@@QEBA?AU?$_Wrap_alloc@V?$allocator@W4CAM_COLOR_MODE@@@std@@@2@XZ 0000000180004690 f i StripeSync.obj
 0001:00003690       ?_Getal@?$_Vector_alloc@$0A@U?$_Vec_base_types@V?$basic_string@DU?$char_traits@D@std@@V?$allocator@D@2@@std@@V?$allocator@V?$basic_string@DU?$char_traits@D@std@@V?$allocator@D@2@@std@@@2@@std@@@std@@QEBA?AU?$_Wrap_alloc@V?$allocator@V?$basic_string@DU?$char_traits@D@std@@V?$allocator@D@2@@std@@@std@@@2@XZ 0000000180004690 f i IShotSync.obj
 0001:00003690       ?_Getal@?$_Vector_alloc@$0A@U?$_Vec_base_types@PEADV?$allocator@PEAD@std@@@std@@@std@@QEBA?AU?$_Wrap_alloc@V?$allocator@PEAD@std@@@2@XZ 0000000180004690 f i PhysicalCameraThread.obj
 0001:00003690       ?_Getal@?$_Vector_alloc@$0A@U?$_Vec_base_types@PEAU_MY_IMAGE_@sn3DHandiSync@@V?$allocator@PEAU_MY_IMAGE_@sn3DHandiSync@@@std@@@std@@@std@@QEBA?AU?$_Wrap_alloc@V?$allocator@PEAU_MY_IMAGE_@sn3DHandiSync@@@std@@@2@XZ 0000000180004690 f i IShotSync.obj
 0001:00003690       ?_Getal@?$_Vector_alloc@$0A@U?$_Vec_base_types@IV?$allocator@_N@std@@@std@@@std@@QEBA?AU?$_Wrap_alloc@V?$allocator@I@std@@@2@XZ 0000000180004690 f i PhysicalCameraThread.obj
 0001:000036c0       ?_Myptr@?$_String_val@U?$_Simple_types@D@std@@@std@@QEBAPEBDXZ 00000001800046c0 f i PhysicalCameraThread.obj
 0001:000036c0       ?_Myptr@?$_String_val@U?$_Simple_types@D@std@@@std@@QEAAPEADXZ 00000001800046c0 f i PhysicalCameraThread.obj
 0001:00003700       ?_Inside@?$vector@V?$basic_string@DU?$char_traits@D@std@@V?$allocator@D@2@@std@@V?$allocator@V?$basic_string@DU?$char_traits@D@std@@V?$allocator@D@2@@std@@@2@@std@@IEBA_NPEBV?$basic_string@DU?$char_traits@D@std@@V?$allocator@D@2@@2@@Z 0000000180004700 f i IShotSync.obj
 0001:00003700       ?_Inside@?$vector@PEADV?$allocator@PEAD@std@@@std@@IEBA_NPEBQEAD@Z 0000000180004700 f i PhysicalCameraThread.obj
 0001:00003700       ?_Inside@?$vector@PEAU_MY_IMAGE_@sn3DHandiSync@@V?$allocator@PEAU_MY_IMAGE_@sn3DHandiSync@@@std@@@std@@IEBA_NPEBQEAU_MY_IMAGE_@sn3DHandiSync@@@Z 0000000180004700 f i IShotSync.obj
 0001:00003700       ?_Inside@?$vector@PEAXV?$allocator@PEAX@std@@@std@@IEBA_NPEBQEAX@Z 0000000180004700 f i PhysicalCameraThread.obj
 0001:00003700       ?_Inside@?$vector@PEAEV?$allocator@PEAE@std@@@std@@IEBA_NPEBQEAE@Z 0000000180004700 f i PhysicalCameraThread.obj
 0001:00003700       ?_Inside@?$vector@PEAVCPhysicalCameraThread@@V?$allocator@PEAVCPhysicalCameraThread@@@std@@@std@@IEBA_NPEBQEAVCPhysicalCameraThread@@@Z 0000000180004700 f i IShotSync.obj
 0001:00003700       ?_Inside@?$vector@IV?$allocator@_N@std@@@std@@IEBA_NPEBI@Z 0000000180004700 f i PhysicalCameraThread.obj
 0001:00003700       ?_Inside@?$vector@PEAHV?$allocator@PEAH@std@@@std@@IEBA_NPEBQEAH@Z 0000000180004700 f i StripeSync.obj
 0001:00003700       ?_Inside@?$vector@W4CAM_COLOR_MODE@@V?$allocator@W4CAM_COLOR_MODE@@@std@@@std@@IEBA_NPEBW4CAM_COLOR_MODE@@@Z 0000000180004700 f i StripeSync.obj
 0001:00003700       ?_Inside@?$vector@HV?$allocator@H@std@@@std@@IEBA_NPEBH@Z 0000000180004700 f i PhysicalCameraThread.obj
 0001:00003750       ?_Reserve@?$vector@PEAU_MY_IMAGE_@sn3DHandiSync@@V?$allocator@PEAU_MY_IMAGE_@sn3DHandiSync@@@std@@@std@@IEAAX_K@Z 0000000180004750 f i IShotSync.obj
 0001:00003750       ?_Reserve@?$vector@PEAVCPhysicalCameraThread@@V?$allocator@PEAVCPhysicalCameraThread@@@std@@@std@@IEAAX_K@Z 0000000180004750 f i IShotSync.obj
 0001:00003750       ?_Reserve@?$vector@PEAXV?$allocator@PEAX@std@@@std@@IEAAX_K@Z 0000000180004750 f i PhysicalCameraThread.obj
 0001:00003750       ?_Reserve@?$vector@PEAHV?$allocator@PEAH@std@@@std@@IEAAX_K@Z 0000000180004750 f i StripeSync.obj
 0001:00003750       ?_Reserve@?$vector@PEADV?$allocator@PEAD@std@@@std@@IEAAX_K@Z 0000000180004750 f i PhysicalCameraThread.obj
 0001:00003750       ?_Reserve@?$vector@PEAEV?$allocator@PEAE@std@@@std@@IEAAX_K@Z 0000000180004750 f i PhysicalCameraThread.obj
 0001:000037e0       ?_Tidy@?$vector@PEADV?$allocator@PEAD@std@@@std@@IEAAXXZ 00000001800047e0 f i IShotSync.obj
 0001:000037e0       ?_Tidy@?$vector@PEAXV?$allocator@PEAX@std@@@std@@IEAAXXZ 00000001800047e0 f i PhysicalCameraThread.obj
 0001:000037e0       ?_Tidy@?$vector@PEAHV?$allocator@PEAH@std@@@std@@IEAAXXZ 00000001800047e0 f i StripeSync.obj
 0001:000037e0       ?_Tidy@?$vector@PEAVCPhysicalCameraThread@@V?$allocator@PEAVCPhysicalCameraThread@@@std@@@std@@IEAAXXZ 00000001800047e0 f i IShotSync.obj
 0001:000037e0       ?_Tidy@?$vector@PEAU_MY_IMAGE_@sn3DHandiSync@@V?$allocator@PEAU_MY_IMAGE_@sn3DHandiSync@@@std@@@std@@IEAAXXZ 00000001800047e0 f i IShotSync.obj
 0001:000037e0       ?_Tidy@?$vector@PEAEV?$allocator@PEAE@std@@@std@@IEAAXXZ 00000001800047e0 f i StripeSync.obj
 0001:00003890       ?_Orphan_range@?$vector@PEAVCPhysicalCameraThread@@V?$allocator@PEAVCPhysicalCameraThread@@@std@@@std@@IEBAXPEAPEAVCPhysicalCameraThread@@0@Z 0000000180004890 f i IShotSync.obj
 0001:00003890       ?_Orphan_range@?$vector@PEADV?$allocator@PEAD@std@@@std@@IEBAXPEAPEAD0@Z 0000000180004890 f i PhysicalCameraThread.obj
 0001:00003890       ?_Orphan_range@?$vector@PEAHV?$allocator@PEAH@std@@@std@@IEBAXPEAPEAH0@Z 0000000180004890 f i StripeSync.obj
 0001:00003890       ?_Orphan_range@?$vector@PEAXV?$allocator@PEAX@std@@@std@@IEBAXPEAPEAX0@Z 0000000180004890 f i PhysicalCameraThread.obj
 0001:00003890       ?_Orphan_range@?$vector@PEAU_MY_IMAGE_@sn3DHandiSync@@V?$allocator@PEAU_MY_IMAGE_@sn3DHandiSync@@@std@@@std@@IEBAXPEAPEAU_MY_IMAGE_@sn3DHandiSync@@0@Z 0000000180004890 f i IShotSync.obj
 0001:00003890       ?_Orphan_range@?$vector@V?$basic_string@DU?$char_traits@D@std@@V?$allocator@D@2@@std@@V?$allocator@V?$basic_string@DU?$char_traits@D@std@@V?$allocator@D@2@@std@@@2@@std@@IEBAXPEAV?$basic_string@DU?$char_traits@D@std@@V?$allocator@D@2@@2@0@Z 0000000180004890 f i IShotSync.obj
 0001:00003890       ?_Orphan_range@?$vector@W4CAM_COLOR_MODE@@V?$allocator@W4CAM_COLOR_MODE@@@std@@@std@@IEBAXPEAW4CAM_COLOR_MODE@@0@Z 0000000180004890 f i StripeSync.obj
 0001:00003890       ?_Orphan_range@?$vector@PEAEV?$allocator@PEAE@std@@@std@@IEBAXPEAPEAE0@Z 0000000180004890 f i PhysicalCameraThread.obj
 0001:00003890       ?_Orphan_range@?$vector@HV?$allocator@H@std@@@std@@IEBAXPEAH0@Z 0000000180004890 f i PhysicalCameraThread.obj
 0001:000038a0       ??0?$_Vector_alloc@$0A@U?$_Vec_base_types@W4CAM_COLOR_MODE@@V?$allocator@W4CAM_COLOR_MODE@@@std@@@std@@@std@@QEAA@AEBV?$allocator@W4CAM_COLOR_MODE@@@1@@Z 00000001800048a0 f i StripeSync.obj
 0001:000038a0       ??0?$_Vector_alloc@$0A@U?$_Vec_base_types@HV?$allocator@H@std@@@std@@@std@@QEAA@AEBV?$allocator@H@1@@Z 00000001800048a0 f i sn3DHandiSyncControl.obj
 0001:000038a0       ??0?$_Vector_alloc@$0A@U?$_Vec_base_types@PEADV?$allocator@PEAD@std@@@std@@@std@@QEAA@AEBV?$allocator@PEAD@1@@Z 00000001800048a0 f i IShotSync.obj
 0001:000038a0       ??0?$_Vector_alloc@$0A@U?$_Vec_base_types@PEAXV?$allocator@PEAX@std@@@std@@@std@@QEAA@AEBV?$allocator@PEAX@1@@Z 00000001800048a0 f i PhysicalCameraThread.obj
 0001:000038a0       ??0?$_Vector_alloc@$0A@U?$_Vec_base_types@PEAVCPhysicalCameraThread@@V?$allocator@PEAVCPhysicalCameraThread@@@std@@@std@@@std@@QEAA@AEBV?$allocator@PEAVCPhysicalCameraThread@@@1@@Z 00000001800048a0 f i IShotSync.obj
 0001:000038a0       ??0?$_Vector_alloc@$0A@U?$_Vec_base_types@PEAEV?$allocator@PEAE@std@@@std@@@std@@QEAA@AEBV?$allocator@PEAE@1@@Z 00000001800048a0 f i StripeSync.obj
 0001:000038a0       ??0?$_Vector_alloc@$0A@U?$_Vec_base_types@PEAHV?$allocator@PEAH@std@@@std@@@std@@QEAA@AEBV?$allocator@PEAH@1@@Z 00000001800048a0 f i StripeSync.obj
 0001:000038a0       ??0?$_Vector_alloc@$0A@U?$_Vec_base_types@V?$basic_string@DU?$char_traits@D@std@@V?$allocator@D@2@@std@@V?$allocator@V?$basic_string@DU?$char_traits@D@std@@V?$allocator@D@2@@std@@@2@@std@@@std@@QEAA@AEBV?$allocator@V?$basic_string@DU?$char_traits@D@std@@V?$allocator@D@2@@std@@@1@@Z 00000001800048a0 f i IShotSync.obj
 0001:000038a0       ??0?$_Vector_alloc@$0A@U?$_Vec_base_types@PEAU_MY_IMAGE_@sn3DHandiSync@@V?$allocator@PEAU_MY_IMAGE_@sn3DHandiSync@@@std@@@std@@@std@@QEAA@AEBV?$allocator@PEAU_MY_IMAGE_@sn3DHandiSync@@@1@@Z 00000001800048a0 f i IShotSync.obj
 0001:000038d0       ?end@?$vector@_NV?$allocator@_N@std@@@std@@QEAA?AV?$_Vb_iterator@U?$_Wrap_alloc@V?$allocator@I@std@@@std@@@2@XZ 00000001800048d0 f i PhysicalCameraThread.obj
 0001:00003930       ?insert@?$vector@_NV?$allocator@_N@std@@@std@@QEAA?AV?$_Vb_iterator@U?$_Wrap_alloc@V?$allocator@I@std@@@std@@@2@V?$_Vb_const_iterator@U?$_Wrap_alloc@V?$allocator@I@std@@@std@@@2@AEB_N@Z 0000000180004930 f i PhysicalCameraThread.obj
 0001:00003990       ?_Reserve@?$vector@IV?$allocator@_N@std@@@std@@IEAAX_K@Z 0000000180004990 f i PhysicalCameraThread.obj
 0001:00003990       ?_Reserve@?$vector@HV?$allocator@H@std@@@std@@IEAAX_K@Z 0000000180004990 f i PhysicalCameraThread.obj
 0001:00003990       ?_Reserve@?$vector@W4CAM_COLOR_MODE@@V?$allocator@W4CAM_COLOR_MODE@@@std@@@std@@IEAAX_K@Z 0000000180004990 f i StripeSync.obj
 0001:00003a20       ?assign@?$basic_string@DU?$char_traits@D@std@@V?$allocator@D@2@@std@@QEAAAEAV12@PEBD_K@Z 0000000180004a20 f i PhysicalCameraThread.obj
 0001:00003ad0       ?erase@?$basic_string@DU?$char_traits@D@std@@V?$allocator@D@2@@std@@QEAAAEAV12@_K@Z 0000000180004ad0 f i PhysicalCameraThread.obj
 0001:00003b20       ?erase@?$basic_string@DU?$char_traits@D@std@@V?$allocator@D@2@@std@@QEAAAEAV12@_K0@Z 0000000180004b20 f i PhysicalCameraThread.obj
 0001:00003c00       ?_Eos@?$basic_string@DU?$char_traits@D@std@@V?$allocator@D@2@@std@@QEAAX_K@Z 0000000180004c00 f i PhysicalCameraThread.obj
 0001:00003c50       ?_Grow@?$basic_string@DU?$char_traits@D@std@@V?$allocator@D@2@@std@@QEAA_N_K_N@Z 0000000180004c50 f i PhysicalCameraThread.obj
 0001:00003d30       ?_Inside@?$basic_string@DU?$char_traits@D@std@@V?$allocator@D@2@@std@@QEAA_NPEBD@Z 0000000180004d30 f i PhysicalCameraThread.obj
 0001:00003d80       ?_Xlen@?$basic_string@DU?$char_traits@D@std@@V?$allocator@D@2@@std@@QEBAXXZ 0000000180004d80 f i PhysicalCameraThread.obj
 0001:00003da0       ?_Xran@?$basic_string@DU?$char_traits@D@std@@V?$allocator@D@2@@std@@QEBAXXZ 0000000180004da0 f i PhysicalCameraThread.obj
 0001:00003dc0       ??0?$_Wrap_alloc@V?$allocator@PEAD@std@@@std@@QEAA@XZ 0000000180004dc0 f i PhysicalCameraThread.obj
 0001:00003dc0       ??0?$_Wrap_alloc@V?$allocator@V?$basic_string@DU?$char_traits@D@std@@V?$allocator@D@2@@std@@@std@@@std@@QEAA@XZ 0000000180004dc0 f i IShotSync.obj
 0001:00003dc0       ??0?$_Wrap_alloc@V?$allocator@PEAU_MY_IMAGE_@sn3DHandiSync@@@std@@@std@@QEAA@XZ 0000000180004dc0 f i IShotSync.obj
 0001:00003dc0       ??0?$_Wrap_alloc@V?$allocator@H@std@@@std@@QEAA@XZ 0000000180004dc0 f i PhysicalCameraThread.obj
 0001:00003dc0       ??0?$_Wrap_alloc@V?$allocator@W4CAM_COLOR_MODE@@@std@@@std@@QEAA@XZ 0000000180004dc0 f i StripeSync.obj
 0001:00003dc0       ??0?$_Wrap_alloc@V?$allocator@PEAE@std@@@std@@QEAA@XZ 0000000180004dc0 f i PhysicalCameraThread.obj
 0001:00003dc0       ??0?$_Wrap_alloc@V?$allocator@PEAVCPhysicalCameraThread@@@std@@@std@@QEAA@XZ 0000000180004dc0 f i IShotSync.obj
 0001:00003dc0       ??0?$_Wrap_alloc@V?$allocator@D@std@@@std@@QEAA@XZ 0000000180004dc0 f i PhysicalCameraThread.obj
 0001:00003dc0       ??0?$_Wrap_alloc@V?$allocator@I@std@@@std@@QEAA@XZ 0000000180004dc0 f i PhysicalCameraThread.obj
 0001:00003dc0       ??0?$_Wrap_alloc@V?$allocator@PEAX@std@@@std@@QEAA@XZ 0000000180004dc0 f i PhysicalCameraThread.obj
 0001:00003dc0       ??0?$_Wrap_alloc@V?$allocator@PEAH@std@@@std@@QEAA@XZ 0000000180004dc0 f i StripeSync.obj
 0001:00003de0       ?deallocate@?$_Wrap_alloc@V?$allocator@PEAU_MY_IMAGE_@sn3DHandiSync@@@std@@@std@@QEAAXPEAPEAU_MY_IMAGE_@sn3DHandiSync@@_K@Z 0000000180004de0 f i IShotSync.obj
 0001:00003de0       ?deallocate@?$_Wrap_alloc@V?$allocator@H@std@@@std@@QEAAXPEAH_K@Z 0000000180004de0 f i PhysicalCameraThread.obj
 0001:00003de0       ?deallocate@?$_Wrap_alloc@V?$allocator@D@std@@@std@@QEAAXPEAD_K@Z 0000000180004de0 f i PhysicalCameraThread.obj
 0001:00003de0       ?deallocate@?$_Wrap_alloc@V?$allocator@I@std@@@std@@QEAAXPEAI_K@Z 0000000180004de0 f i PhysicalCameraThread.obj
 0001:00003de0       ?deallocate@?$_Wrap_alloc@V?$allocator@PEAVCPhysicalCameraThread@@@std@@@std@@QEAAXPEAPEAVCPhysicalCameraThread@@_K@Z 0000000180004de0 f i IShotSync.obj
 0001:00003de0       ?deallocate@?$_Wrap_alloc@V?$allocator@PEAX@std@@@std@@QEAAXPEAPEAX_K@Z 0000000180004de0 f i PhysicalCameraThread.obj
 0001:00003de0       ?deallocate@?$_Wrap_alloc@V?$allocator@PEAE@std@@@std@@QEAAXPEAPEAE_K@Z 0000000180004de0 f i PhysicalCameraThread.obj
 0001:00003de0       ?deallocate@?$_Wrap_alloc@V?$allocator@V?$basic_string@DU?$char_traits@D@std@@V?$allocator@D@2@@std@@@std@@@std@@QEAAXPEAV?$basic_string@DU?$char_traits@D@std@@V?$allocator@D@2@@2@_K@Z 0000000180004de0 f i IShotSync.obj
 0001:00003de0       ?deallocate@?$_Wrap_alloc@V?$allocator@PEAH@std@@@std@@QEAAXPEAPEAH_K@Z 0000000180004de0 f i StripeSync.obj
 0001:00003de0       ?deallocate@?$_Wrap_alloc@V?$allocator@W4CAM_COLOR_MODE@@@std@@@std@@QEAAXPEAW4CAM_COLOR_MODE@@_K@Z 0000000180004de0 f i StripeSync.obj
 0001:00003de0       ?deallocate@?$_Wrap_alloc@V?$allocator@PEAD@std@@@std@@QEAAXPEAPEAD_K@Z 0000000180004de0 f i PhysicalCameraThread.obj
 0001:00003e10       ??0?$_String_val@U?$_Simple_types@D@std@@@std@@QEAA@XZ 0000000180004e10 f i PhysicalCameraThread.obj
 0001:00003e40       ?_Unused_capacity@?$vector@PEADV?$allocator@PEAD@std@@@std@@QEBA_KXZ 0000000180004e40 f i PhysicalCameraThread.obj
 0001:00003e40       ?_Unused_capacity@?$vector@PEAVCPhysicalCameraThread@@V?$allocator@PEAVCPhysicalCameraThread@@@std@@@std@@QEBA_KXZ 0000000180004e40 f i IShotSync.obj
 0001:00003e40       ?_Unused_capacity@?$vector@PEAU_MY_IMAGE_@sn3DHandiSync@@V?$allocator@PEAU_MY_IMAGE_@sn3DHandiSync@@@std@@@std@@QEBA_KXZ 0000000180004e40 f i IShotSync.obj
 0001:00003e40       ?_Unused_capacity@?$vector@PEAXV?$allocator@PEAX@std@@@std@@QEBA_KXZ 0000000180004e40 f i PhysicalCameraThread.obj
 0001:00003e40       ?_Unused_capacity@?$vector@PEAHV?$allocator@PEAH@std@@@std@@QEBA_KXZ 0000000180004e40 f i StripeSync.obj
 0001:00003e40       ?_Unused_capacity@?$vector@PEAEV?$allocator@PEAE@std@@@std@@QEBA_KXZ 0000000180004e40 f i PhysicalCameraThread.obj
 0001:00003e60       ?max_size@?$vector@PEAHV?$allocator@PEAH@std@@@std@@QEBA_KXZ 0000000180004e60 f i StripeSync.obj
 0001:00003e60       ?max_size@?$vector@PEAXV?$allocator@PEAX@std@@@std@@QEBA_KXZ 0000000180004e60 f i PhysicalCameraThread.obj
 0001:00003e60       ?max_size@?$vector@PEAVCPhysicalCameraThread@@V?$allocator@PEAVCPhysicalCameraThread@@@std@@@std@@QEBA_KXZ 0000000180004e60 f i IShotSync.obj
 0001:00003e60       ?max_size@?$vector@PEADV?$allocator@PEAD@std@@@std@@QEBA_KXZ 0000000180004e60 f i PhysicalCameraThread.obj
 0001:00003e60       ?max_size@?$vector@PEAEV?$allocator@PEAE@std@@@std@@QEBA_KXZ 0000000180004e60 f i PhysicalCameraThread.obj
 0001:00003e60       ?max_size@?$vector@PEAU_MY_IMAGE_@sn3DHandiSync@@V?$allocator@PEAU_MY_IMAGE_@sn3DHandiSync@@@std@@@std@@QEBA_KXZ 0000000180004e60 f i IShotSync.obj
 0001:00003e90       ?_Destroy@?$vector@PEAU_MY_IMAGE_@sn3DHandiSync@@V?$allocator@PEAU_MY_IMAGE_@sn3DHandiSync@@@std@@@std@@IEAAXPEAPEAU_MY_IMAGE_@sn3DHandiSync@@0@Z 0000000180004e90 f i IShotSync.obj
 0001:00003e90       ?_Destroy@?$vector@PEAHV?$allocator@PEAH@std@@@std@@IEAAXPEAPEAH0@Z 0000000180004e90 f i StripeSync.obj
 0001:00003e90       ?_Destroy@?$vector@HV?$allocator@H@std@@@std@@IEAAXPEAH0@Z 0000000180004e90 f i PhysicalCameraThread.obj
 0001:00003e90       ?_Destroy@?$vector@IV?$allocator@_N@std@@@std@@IEAAXPEAI0@Z 0000000180004e90 f i PhysicalCameraThread.obj
 0001:00003e90       ?_Destroy@?$vector@PEAVCPhysicalCameraThread@@V?$allocator@PEAVCPhysicalCameraThread@@@std@@@std@@IEAAXPEAPEAVCPhysicalCameraThread@@0@Z 0000000180004e90 f i IShotSync.obj
 0001:00003e90       ?_Destroy@?$vector@PEADV?$allocator@PEAD@std@@@std@@IEAAXPEAPEAD0@Z 0000000180004e90 f i PhysicalCameraThread.obj
 0001:00003e90       ?_Destroy@?$vector@PEAEV?$allocator@PEAE@std@@@std@@IEAAXPEAPEAE0@Z 0000000180004e90 f i PhysicalCameraThread.obj
 0001:00003e90       ?_Destroy@?$vector@PEAXV?$allocator@PEAX@std@@@std@@IEAAXPEAPEAX0@Z 0000000180004e90 f i PhysicalCameraThread.obj
 0001:00003e90       ?_Destroy@?$vector@W4CAM_COLOR_MODE@@V?$allocator@W4CAM_COLOR_MODE@@@std@@@std@@IEAAXPEAW4CAM_COLOR_MODE@@0@Z 0000000180004e90 f i StripeSync.obj
 0001:00003ed0       ?_Grow_to@?$vector@PEADV?$allocator@PEAD@std@@@std@@IEBA_K_K@Z 0000000180004ed0 f i PhysicalCameraThread.obj
 0001:00003ed0       ?_Grow_to@?$vector@PEAU_MY_IMAGE_@sn3DHandiSync@@V?$allocator@PEAU_MY_IMAGE_@sn3DHandiSync@@@std@@@std@@IEBA_K_K@Z 0000000180004ed0 f i IShotSync.obj
 0001:00003ed0       ?_Grow_to@?$vector@PEAVCPhysicalCameraThread@@V?$allocator@PEAVCPhysicalCameraThread@@@std@@@std@@IEBA_K_K@Z 0000000180004ed0 f i IShotSync.obj
 0001:00003ed0       ?_Grow_to@?$vector@PEAXV?$allocator@PEAX@std@@@std@@IEBA_K_K@Z 0000000180004ed0 f i PhysicalCameraThread.obj
 0001:00003ed0       ?_Grow_to@?$vector@PEAHV?$allocator@PEAH@std@@@std@@IEBA_K_K@Z 0000000180004ed0 f i StripeSync.obj
 0001:00003ed0       ?_Grow_to@?$vector@PEAEV?$allocator@PEAE@std@@@std@@IEBA_K_K@Z 0000000180004ed0 f i PhysicalCameraThread.obj
 0001:00003f80       ?_Reallocate@?$vector@PEADV?$allocator@PEAD@std@@@std@@IEAAX_K@Z 0000000180004f80 f i PhysicalCameraThread.obj
 0001:00003f80       ?_Reallocate@?$vector@PEAXV?$allocator@PEAX@std@@@std@@IEAAX_K@Z 0000000180004f80 f i PhysicalCameraThread.obj
 0001:00003f80       ?_Reallocate@?$vector@PEAVCPhysicalCameraThread@@V?$allocator@PEAVCPhysicalCameraThread@@@std@@@std@@IEAAX_K@Z 0000000180004f80 f i IShotSync.obj
 0001:00003f80       ?_Reallocate@?$vector@PEAHV?$allocator@PEAH@std@@@std@@IEAAX_K@Z 0000000180004f80 f i StripeSync.obj
 0001:00003f80       ?_Reallocate@?$vector@PEAEV?$allocator@PEAE@std@@@std@@IEAAX_K@Z 0000000180004f80 f i PhysicalCameraThread.obj
 0001:00003f80       ?_Reallocate@?$vector@PEAU_MY_IMAGE_@sn3DHandiSync@@V?$allocator@PEAU_MY_IMAGE_@sn3DHandiSync@@@std@@@std@@IEAAX_K@Z 0000000180004f80 f i IShotSync.obj
 0001:000040a0       ?_Xlen@?$vector@HV?$allocator@H@std@@@std@@IEBAXXZ 00000001800050a0 f i PhysicalCameraThread.obj
 0001:000040a0       ?_Xlen@?$vector@PEAU_MY_IMAGE_@sn3DHandiSync@@V?$allocator@PEAU_MY_IMAGE_@sn3DHandiSync@@@std@@@std@@IEBAXXZ 00000001800050a0 f i IShotSync.obj
 0001:000040a0       ?_Xlen@?$vector@PEAEV?$allocator@PEAE@std@@@std@@IEBAXXZ 00000001800050a0 f i PhysicalCameraThread.obj
 0001:000040a0       ?_Xlen@?$vector@W4CAM_COLOR_MODE@@V?$allocator@W4CAM_COLOR_MODE@@@std@@@std@@IEBAXXZ 00000001800050a0 f i StripeSync.obj
 0001:000040a0       ?_Xlen@?$vector@PEADV?$allocator@PEAD@std@@@std@@IEBAXXZ 00000001800050a0 f i PhysicalCameraThread.obj
 0001:000040a0       ?_Xlen@?$vector@PEAXV?$allocator@PEAX@std@@@std@@IEBAXXZ 00000001800050a0 f i PhysicalCameraThread.obj
 0001:000040a0       ?_Xlen@?$vector@V?$basic_string@DU?$char_traits@D@std@@V?$allocator@D@2@@std@@V?$allocator@V?$basic_string@DU?$char_traits@D@std@@V?$allocator@D@2@@std@@@2@@std@@IEBAXXZ 00000001800050a0 f i IShotSync.obj
 0001:000040a0       ?_Xlen@?$vector@IV?$allocator@_N@std@@@std@@IEBAXXZ 00000001800050a0 f i PhysicalCameraThread.obj
 0001:000040a0       ?_Xlen@?$vector@PEAVCPhysicalCameraThread@@V?$allocator@PEAVCPhysicalCameraThread@@@std@@@std@@IEBAXXZ 00000001800050a0 f i IShotSync.obj
 0001:000040a0       ?_Xlen@?$vector@PEAHV?$allocator@PEAH@std@@@std@@IEBAXXZ 00000001800050a0 f i StripeSync.obj
 0001:000040c0       ??0?$_Vector_val@U?$_Simple_types@H@std@@@std@@QEAA@XZ 00000001800050c0 f i sn3DHandiSyncControl.obj
 0001:000040c0       ??0?$_Vector_val@U?$_Simple_types@PEAU_MY_IMAGE_@sn3DHandiSync@@@std@@@std@@QEAA@XZ 00000001800050c0 f i IShotSync.obj
 0001:000040c0       ??0?$_Vector_val@U?$_Simple_types@PEAVCPhysicalCameraThread@@@std@@@std@@QEAA@XZ 00000001800050c0 f i IShotSync.obj
 0001:000040c0       ??0?$_Vector_val@U?$_Simple_types@W4CAM_COLOR_MODE@@@std@@@std@@QEAA@XZ 00000001800050c0 f i StripeSync.obj
 0001:000040c0       ??0?$_Vector_val@U?$_Simple_types@PEAD@std@@@std@@QEAA@XZ 00000001800050c0 f i IShotSync.obj
 0001:000040c0       ??0?$_Vector_val@U?$_Simple_types@PEAH@std@@@std@@QEAA@XZ 00000001800050c0 f i StripeSync.obj
 0001:000040c0       ??0?$_Vector_val@U?$_Simple_types@V?$basic_string@DU?$char_traits@D@std@@V?$allocator@D@2@@std@@@std@@@std@@QEAA@XZ 00000001800050c0 f i IShotSync.obj
 0001:000040c0       ??0?$_Vector_val@U?$_Simple_types@PEAX@std@@@std@@QEAA@XZ 00000001800050c0 f i PhysicalCameraThread.obj
 0001:000040c0       ??0?$_Vector_val@U?$_Simple_types@PEAE@std@@@std@@QEAA@XZ 00000001800050c0 f i StripeSync.obj
 0001:00004100       ?begin@?$vector@_NV?$allocator@_N@std@@@std@@QEAA?AV?$_Vb_iterator@U?$_Wrap_alloc@V?$allocator@I@std@@@std@@@2@XZ 0000000180005100 f i PhysicalCameraThread.obj
 0001:00004130       ?_Insert_n@?$vector@_NV?$allocator@_N@std@@@std@@QEAA?AV?$_Vb_iterator@U?$_Wrap_alloc@V?$allocator@I@std@@@std@@@2@V?$_Vb_const_iterator@U?$_Wrap_alloc@V?$allocator@I@std@@@std@@@2@_KAEB_N@Z 0000000180005130 f i PhysicalCameraThread.obj
 0001:00004270       ?_Unused_capacity@?$vector@IV?$allocator@_N@std@@@std@@QEBA_KXZ 0000000180005270 f i PhysicalCameraThread.obj
 0001:00004270       ?_Unused_capacity@?$vector@W4CAM_COLOR_MODE@@V?$allocator@W4CAM_COLOR_MODE@@@std@@@std@@QEBA_KXZ 0000000180005270 f i StripeSync.obj
 0001:00004270       ?_Unused_capacity@?$vector@HV?$allocator@H@std@@@std@@QEBA_KXZ 0000000180005270 f i PhysicalCameraThread.obj
 0001:00004290       ?size@?$vector@W4CAM_COLOR_MODE@@V?$allocator@W4CAM_COLOR_MODE@@@std@@@std@@QEBA_KXZ 0000000180005290 f i StripeSync.obj
 0001:00004290       ?size@?$vector@HV?$allocator@H@std@@@std@@QEBA_KXZ 0000000180005290 f i PhysicalCameraThread.obj
 0001:00004290       ?size@?$vector@IV?$allocator@_N@std@@@std@@QEBA_KXZ 0000000180005290 f i PhysicalCameraThread.obj
 0001:000042b0       ?max_size@?$vector@W4CAM_COLOR_MODE@@V?$allocator@W4CAM_COLOR_MODE@@@std@@@std@@QEBA_KXZ 00000001800052b0 f i StripeSync.obj
 0001:000042b0       ?max_size@?$vector@HV?$allocator@H@std@@@std@@QEBA_KXZ 00000001800052b0 f i PhysicalCameraThread.obj
 0001:000042b0       ?max_size@?$vector@IV?$allocator@_N@std@@@std@@QEBA_KXZ 00000001800052b0 f i PhysicalCameraThread.obj
 0001:000042e0       ?_Grow_to@?$vector@IV?$allocator@_N@std@@@std@@IEBA_K_K@Z 00000001800052e0 f i PhysicalCameraThread.obj
 0001:000042e0       ?_Grow_to@?$vector@W4CAM_COLOR_MODE@@V?$allocator@W4CAM_COLOR_MODE@@@std@@@std@@IEBA_K_K@Z 00000001800052e0 f i StripeSync.obj
 0001:000042e0       ?_Grow_to@?$vector@HV?$allocator@H@std@@@std@@IEBA_K_K@Z 00000001800052e0 f i PhysicalCameraThread.obj
 0001:00004390       ?_Reallocate@?$vector@HV?$allocator@H@std@@@std@@IEAAX_K@Z 0000000180005390 f i PhysicalCameraThread.obj
 0001:00004390       ?_Reallocate@?$vector@IV?$allocator@_N@std@@@std@@IEAAX_K@Z 0000000180005390 f i PhysicalCameraThread.obj
 0001:00004390       ?_Reallocate@?$vector@W4CAM_COLOR_MODE@@V?$allocator@W4CAM_COLOR_MODE@@@std@@@std@@IEAAX_K@Z 0000000180005390 f i StripeSync.obj
 0001:000044b0       ??Y?$_Vb_iterator@U?$_Wrap_alloc@V?$allocator@I@std@@@std@@@std@@QEAAAEAV01@_J@Z 00000001800054b0 f i PhysicalCameraThread.obj
 0001:000044e0       ?max_size@?$basic_string@DU?$char_traits@D@std@@V?$allocator@D@2@@std@@QEBA_KXZ 00000001800054e0 f i PhysicalCameraThread.obj
 0001:00004530       ?_Copy@?$basic_string@DU?$char_traits@D@std@@V?$allocator@D@2@@std@@QEAAX_K0@Z 0000000180005530 f i PhysicalCameraThread.obj
 0001:00004720       ?capacity@?$vector@PEAU_MY_IMAGE_@sn3DHandiSync@@V?$allocator@PEAU_MY_IMAGE_@sn3DHandiSync@@@std@@@std@@QEBA_KXZ 0000000180005720 f i IShotSync.obj
 0001:00004720       ?capacity@?$vector@PEAEV?$allocator@PEAE@std@@@std@@QEBA_KXZ 0000000180005720 f i PhysicalCameraThread.obj
 0001:00004720       ?capacity@?$vector@PEAXV?$allocator@PEAX@std@@@std@@QEBA_KXZ 0000000180005720 f i PhysicalCameraThread.obj
 0001:00004720       ?capacity@?$vector@PEAHV?$allocator@PEAH@std@@@std@@QEBA_KXZ 0000000180005720 f i StripeSync.obj
 0001:00004720       ?capacity@?$vector@PEAVCPhysicalCameraThread@@V?$allocator@PEAVCPhysicalCameraThread@@@std@@@std@@QEBA_KXZ 0000000180005720 f i IShotSync.obj
 0001:00004720       ?capacity@?$vector@PEADV?$allocator@PEAD@std@@@std@@QEBA_KXZ 0000000180005720 f i PhysicalCameraThread.obj
 0001:00004740       ?allocate@?$_Wrap_alloc@V?$allocator@PEAE@std@@@std@@QEAAPEAPEAE_K@Z 0000000180005740 f i PhysicalCameraThread.obj
 0001:00004740       ?allocate@?$_Wrap_alloc@V?$allocator@PEAVCPhysicalCameraThread@@@std@@@std@@QEAAPEAPEAVCPhysicalCameraThread@@_K@Z 0000000180005740 f i IShotSync.obj
 0001:00004740       ?allocate@?$_Wrap_alloc@V?$allocator@PEAU_MY_IMAGE_@sn3DHandiSync@@@std@@@std@@QEAAPEAPEAU_MY_IMAGE_@sn3DHandiSync@@_K@Z 0000000180005740 f i IShotSync.obj
 0001:00004740       ?allocate@?$_Wrap_alloc@V?$allocator@PEAX@std@@@std@@QEAAPEAPEAX_K@Z 0000000180005740 f i PhysicalCameraThread.obj
 0001:00004740       ?allocate@?$_Wrap_alloc@V?$allocator@PEAH@std@@@std@@QEAAPEAPEAH_K@Z 0000000180005740 f i StripeSync.obj
 0001:00004740       ?allocate@?$_Wrap_alloc@V?$allocator@PEAD@std@@@std@@QEAAPEAPEAD_K@Z 0000000180005740 f i PhysicalCameraThread.obj
 0001:00004770       ?max_size@?$_Wrap_alloc@V?$allocator@PEAD@std@@@std@@QEBA_KXZ 0000000180005770 f i PhysicalCameraThread.obj
 0001:00004770       ?max_size@?$_Wrap_alloc@V?$allocator@PEAX@std@@@std@@QEBA_KXZ 0000000180005770 f i PhysicalCameraThread.obj
 0001:00004770       ?max_size@?$_Wrap_alloc@V?$allocator@PEAE@std@@@std@@QEBA_KXZ 0000000180005770 f i PhysicalCameraThread.obj
 0001:00004770       ?max_size@?$_Wrap_alloc@V?$allocator@PEAU_MY_IMAGE_@sn3DHandiSync@@@std@@@std@@QEBA_KXZ 0000000180005770 f i IShotSync.obj
 0001:00004770       ?max_size@?$_Wrap_alloc@V?$allocator@PEAH@std@@@std@@QEBA_KXZ 0000000180005770 f i StripeSync.obj
 0001:00004770       ?max_size@?$_Wrap_alloc@V?$allocator@PEAVCPhysicalCameraThread@@@std@@@std@@QEBA_KXZ 0000000180005770 f i IShotSync.obj
 0001:00004790       ?_Insert_x@?$vector@_NV?$allocator@_N@std@@@std@@QEAA_KV?$_Vb_const_iterator@U?$_Wrap_alloc@V?$allocator@I@std@@@std@@@2@_K@Z 0000000180005790 f i PhysicalCameraThread.obj
 0001:00004980       ?capacity@?$vector@W4CAM_COLOR_MODE@@V?$allocator@W4CAM_COLOR_MODE@@@std@@@std@@QEBA_KXZ 0000000180005980 f i StripeSync.obj
 0001:00004980       ?capacity@?$vector@IV?$allocator@_N@std@@@std@@QEBA_KXZ 0000000180005980 f i PhysicalCameraThread.obj
 0001:00004980       ?capacity@?$vector@HV?$allocator@H@std@@@std@@QEBA_KXZ 0000000180005980 f i PhysicalCameraThread.obj
 0001:000049a0       ?allocate@?$_Wrap_alloc@V?$allocator@H@std@@@std@@QEAAPEAH_K@Z 00000001800059a0 f i PhysicalCameraThread.obj
 0001:000049a0       ?allocate@?$_Wrap_alloc@V?$allocator@W4CAM_COLOR_MODE@@@std@@@std@@QEAAPEAW4CAM_COLOR_MODE@@_K@Z 00000001800059a0 f i StripeSync.obj
 0001:000049a0       ?allocate@?$_Wrap_alloc@V?$allocator@I@std@@@std@@QEAAPEAI_K@Z 00000001800059a0 f i PhysicalCameraThread.obj
 0001:000049d0       ?max_size@?$_Wrap_alloc@V?$allocator@W4CAM_COLOR_MODE@@@std@@@std@@QEBA_KXZ 00000001800059d0 f i StripeSync.obj
 0001:000049d0       ?max_size@?$_Wrap_alloc@V?$allocator@H@std@@@std@@QEBA_KXZ 00000001800059d0 f i PhysicalCameraThread.obj
 0001:000049d0       ?max_size@?$_Wrap_alloc@V?$allocator@I@std@@@std@@QEBA_KXZ 00000001800059d0 f i PhysicalCameraThread.obj
 0001:000049f0       ??0?$_Vb_iterator@U?$_Wrap_alloc@V?$allocator@I@std@@@std@@@std@@QEAA@PEAIPEAU_Container_base0@1@@Z 00000001800059f0 f i PhysicalCameraThread.obj
 0001:00004a30       ??H?$_Vb_iterator@U?$_Wrap_alloc@V?$allocator@I@std@@@std@@@std@@QEBA?AV01@_J@Z 0000000180005a30 f i PhysicalCameraThread.obj
 0001:00004a90       ??Y?$_Vb_const_iterator@U?$_Wrap_alloc@V?$allocator@I@std@@@std@@@std@@QEAAAEAV01@_J@Z 0000000180005a90 f i PhysicalCameraThread.obj
 0001:00004b90       ?allocate@?$_Wrap_alloc@V?$allocator@D@std@@@std@@QEAAPEAD_K@Z 0000000180005b90 f i PhysicalCameraThread.obj
 0001:00004bc0       ?max_size@?$_Wrap_alloc@V?$allocator@D@std@@@std@@QEBA_KXZ 0000000180005bc0 f i PhysicalCameraThread.obj
 0001:00004be0       ?allocate@?$allocator@PEAU_MY_IMAGE_@sn3DHandiSync@@@std@@QEAAPEAPEAU_MY_IMAGE_@sn3DHandiSync@@_K@Z 0000000180005be0 f i IShotSync.obj
 0001:00004be0       ?allocate@?$allocator@PEAD@std@@QEAAPEAPEAD_K@Z 0000000180005be0 f i PhysicalCameraThread.obj
 0001:00004be0       ?allocate@?$allocator@PEAX@std@@QEAAPEAPEAX_K@Z 0000000180005be0 f i PhysicalCameraThread.obj
 0001:00004be0       ?allocate@?$allocator@PEAVCPhysicalCameraThread@@@std@@QEAAPEAPEAVCPhysicalCameraThread@@_K@Z 0000000180005be0 f i IShotSync.obj
 0001:00004be0       ?allocate@?$allocator@PEAH@std@@QEAAPEAPEAH_K@Z 0000000180005be0 f i StripeSync.obj
 0001:00004be0       ?allocate@?$allocator@PEAE@std@@QEAAPEAPEAE_K@Z 0000000180005be0 f i PhysicalCameraThread.obj
 0001:00004c00       ?max_size@?$allocator_traits@V?$allocator@PEAE@std@@@std@@SA_KAEBV?$allocator@PEAE@2@@Z 0000000180005c00 f i PhysicalCameraThread.obj
 0001:00004c00       ?max_size@?$allocator_traits@V?$allocator@PEAX@std@@@std@@SA_KAEBV?$allocator@PEAX@2@@Z 0000000180005c00 f i PhysicalCameraThread.obj
 0001:00004c00       ?max_size@?$allocator_traits@V?$allocator@PEAU_MY_IMAGE_@sn3DHandiSync@@@std@@@std@@SA_KAEBV?$allocator@PEAU_MY_IMAGE_@sn3DHandiSync@@@2@@Z 0000000180005c00 f i IShotSync.obj
 0001:00004c00       ?max_size@?$allocator_traits@V?$allocator@PEAVCPhysicalCameraThread@@@std@@@std@@SA_KAEBV?$allocator@PEAVCPhysicalCameraThread@@@2@@Z 0000000180005c00 f i IShotSync.obj
 0001:00004c00       ?max_size@?$allocator_traits@V?$allocator@PEAH@std@@@std@@SA_KAEBV?$allocator@PEAH@2@@Z 0000000180005c00 f i StripeSync.obj
 0001:00004c00       ?max_size@?$allocator_traits@V?$allocator@PEAD@std@@@std@@SA_KAEBV?$allocator@PEAD@2@@Z 0000000180005c00 f i PhysicalCameraThread.obj
 0001:00004c20       ?size@?$vector@_NV?$allocator@_N@std@@@std@@QEBA_KXZ 0000000180005c20 f i PhysicalCameraThread.obj
 0001:00004c30       ?max_size@?$vector@_NV?$allocator@_N@std@@@std@@QEBA_KXZ 0000000180005c30 f i PhysicalCameraThread.obj
 0001:00004c80       ?empty@?$vector@_NV?$allocator@_N@std@@@std@@QEBA_NXZ 0000000180005c80 f i PhysicalCameraThread.obj
 0001:00004cc0       ?_Xlen@?$vector@_NV?$allocator@_N@std@@@std@@QEBAXXZ 0000000180005cc0 f i PhysicalCameraThread.obj
 0001:00004ce0       ?_Nw@?$_Vb_val@V?$allocator@_N@std@@@std@@SA_K_K@Z 0000000180005ce0 f i PhysicalCameraThread.obj
 0001:00004d00       ?resize@?$vector@IV?$allocator@_N@std@@@std@@QEAAX_KAEBI@Z 0000000180005d00 f i PhysicalCameraThread.obj
 0001:00004e70       ?allocate@?$allocator@I@std@@QEAAPEAI_K@Z 0000000180005e70 f i PhysicalCameraThread.obj
 0001:00004e70       ?allocate@?$allocator@W4CAM_COLOR_MODE@@@std@@QEAAPEAW4CAM_COLOR_MODE@@_K@Z 0000000180005e70 f i StripeSync.obj
 0001:00004e70       ?allocate@?$allocator@H@std@@QEAAPEAH_K@Z 0000000180005e70 f i PhysicalCameraThread.obj
 0001:00004e90       ?max_size@?$allocator_traits@V?$allocator@H@std@@@std@@SA_KAEBV?$allocator@H@2@@Z 0000000180005e90 f i PhysicalCameraThread.obj
 0001:00004e90       ?max_size@?$allocator_traits@V?$allocator@W4CAM_COLOR_MODE@@@std@@@std@@SA_KAEBV?$allocator@W4CAM_COLOR_MODE@@@2@@Z 0000000180005e90 f i StripeSync.obj
 0001:00004e90       ?max_size@?$allocator_traits@V?$allocator@I@std@@@std@@SA_KAEBV?$allocator@I@2@@Z 0000000180005e90 f i PhysicalCameraThread.obj
 0001:00004eb0       ??0?$_Vb_const_iterator@U?$_Wrap_alloc@V?$allocator@I@std@@@std@@@std@@QEAA@PEBIPEBU_Container_base0@1@@Z 0000000180005eb0 f i PhysicalCameraThread.obj
 0001:00004ef0       ??G?$_Vb_const_iterator@U?$_Wrap_alloc@V?$allocator@I@std@@@std@@@std@@QEBA_JAEBV01@@Z 0000000180005ef0 f i PhysicalCameraThread.obj
 0001:00004f40       ?max_size@?$allocator_traits@V?$allocator@D@std@@@std@@SA_KAEBV?$allocator@D@2@@Z 0000000180005f40 f i PhysicalCameraThread.obj
 0001:00004f60       ?max_size@?$allocator@PEAU_MY_IMAGE_@sn3DHandiSync@@@std@@QEBA_KXZ 0000000180005f60 f i IShotSync.obj
 0001:00004f60       ?max_size@?$allocator@PEAH@std@@QEBA_KXZ 0000000180005f60 f i StripeSync.obj
 0001:00004f60       ?max_size@?$allocator@PEAD@std@@QEBA_KXZ 0000000180005f60 f i PhysicalCameraThread.obj
 0001:00004f60       ?max_size@?$allocator@PEAX@std@@QEBA_KXZ 0000000180005f60 f i PhysicalCameraThread.obj
 0001:00004f60       ?max_size@?$allocator@PEAE@std@@QEBA_KXZ 0000000180005f60 f i PhysicalCameraThread.obj
 0001:00004f60       ?max_size@?$allocator@PEAVCPhysicalCameraThread@@@std@@QEBA_KXZ 0000000180005f60 f i IShotSync.obj
 0001:00004f70       ?_Pop_back_n@?$vector@IV?$allocator@_N@std@@@std@@QEAAX_K@Z 0000000180005f70 f i PhysicalCameraThread.obj
 0001:00004fd0       ?_Tidy@?$vector@W4CAM_COLOR_MODE@@V?$allocator@W4CAM_COLOR_MODE@@@std@@@std@@IEAAXXZ 0000000180005fd0 f i StripeSync.obj
 0001:00004fd0       ?_Tidy@?$vector@IV?$allocator@_N@std@@@std@@IEAAXXZ 0000000180005fd0 f i PhysicalCameraThread.obj
 0001:00004fd0       ?_Tidy@?$vector@HV?$allocator@H@std@@@std@@IEAAXXZ 0000000180005fd0 f i sn3DHandiSyncControl.obj
 0001:00005080       ?_Ufill@?$vector@IV?$allocator@_N@std@@@std@@IEAAPEAIPEAI_KPEBI@Z 0000000180006080 f i PhysicalCameraThread.obj
 0001:000050e0       ?max_size@?$allocator@W4CAM_COLOR_MODE@@@std@@QEBA_KXZ 00000001800060e0 f i StripeSync.obj
 0001:000050e0       ?max_size@?$allocator@H@std@@QEBA_KXZ 00000001800060e0 f i PhysicalCameraThread.obj
 0001:000050e0       ?max_size@?$allocator@I@std@@QEBA_KXZ 00000001800060e0 f i PhysicalCameraThread.obj
 0001:000050f0       ??0?$_Vb_iter_base@U?$_Wrap_alloc@V?$allocator@I@std@@@std@@@std@@QEAA@PEBI_KPEBU_Container_base0@1@@Z 00000001800060f0 f i PhysicalCameraThread.obj
 0001:00005140       ?max_size@?$allocator@D@std@@QEBA_KXZ 0000000180006140 f i PhysicalCameraThread.obj
 0001:00005150       ??$construct@PEAHPEAH@?$_Wrap_alloc@V?$allocator@PEAH@std@@@std@@QEAAXPEAPEAH$$QEAPEAH@Z 0000000180006150 f i StripeSync.obj
 0001:00005150       ??$construct@PEAEAEAPEAE@?$_Wrap_alloc@V?$allocator@PEAE@std@@@std@@QEAAXPEAPEAEAEAPEAE@Z 0000000180006150 f i PhysicalCameraThread.obj
 0001:00005150       ??$construct@PEAXAEAPEAX@?$_Wrap_alloc@V?$allocator@PEAX@std@@@std@@QEAAXPEAPEAXAEAPEAX@Z 0000000180006150 f i PhysicalCameraThread.obj
 0001:00005150       ??$construct@PEADAEAPEAD@?$_Wrap_alloc@V?$allocator@D@std@@@std@@QEAAXPEAPEADAEAPEAD@Z 0000000180006150 f i PhysicalCameraThread.obj
 0001:00005150       ??$construct@PEAEPEAE@?$_Wrap_alloc@V?$allocator@PEAE@std@@@std@@QEAAXPEAPEAE$$QEAPEAE@Z 0000000180006150 f i IShotSync.obj
 0001:00005150       ??$construct@PEAU_MY_IMAGE_@sn3DHandiSync@@PEAU12@@?$_Wrap_alloc@V?$allocator@PEAU_MY_IMAGE_@sn3DHandiSync@@@std@@@std@@QEAAXPEAPEAU_MY_IMAGE_@sn3DHandiSync@@$$QEAPEAU23@@Z 0000000180006150 f i IShotSync.obj
 0001:00005150       ??$construct@PEAVCPhysicalCameraThread@@AEAPEAV1@@?$_Wrap_alloc@V?$allocator@PEAVCPhysicalCameraThread@@@std@@@std@@QEAAXPEAPEAVCPhysicalCameraThread@@AEAPEAV2@@Z 0000000180006150 f i IShotSync.obj
 0001:00005150       ??$construct@PEADAEAPEAD@?$_Wrap_alloc@V?$allocator@PEAD@std@@@std@@QEAAXPEAPEADAEAPEAD@Z 0000000180006150 f i PhysicalCameraThread.obj
 0001:00005190       ??$construct@PEAXAEBQEAX@?$_Wrap_alloc@V?$allocator@PEAX@std@@@std@@QEAAXPEAPEAXAEBQEAX@Z 0000000180006190 f i PhysicalCameraThread.obj
 0001:00005190       ??$construct@PEAVCPhysicalCameraThread@@AEBQEAV1@@?$_Wrap_alloc@V?$allocator@PEAVCPhysicalCameraThread@@@std@@@std@@QEAAXPEAPEAVCPhysicalCameraThread@@AEBQEAV2@@Z 0000000180006190 f i IShotSync.obj
 0001:00005190       ??$construct@PEAEAEBQEAE@?$_Wrap_alloc@V?$allocator@PEAE@std@@@std@@QEAAXPEAPEAEAEBQEAE@Z 0000000180006190 f i PhysicalCameraThread.obj
 0001:00005190       ??$construct@PEADAEBQEAD@?$_Wrap_alloc@V?$allocator@PEAD@std@@@std@@QEAAXPEAPEADAEBQEAD@Z 0000000180006190 f i PhysicalCameraThread.obj
 0001:000051d0       ??$construct@HAEAH@?$_Wrap_alloc@V?$allocator@H@std@@@std@@QEAAXPEAHAEAH@Z 00000001800061d0 f i PhysicalCameraThread.obj
 0001:000051d0       ??$construct@HH@?$_Wrap_alloc@V?$allocator@H@std@@@std@@QEAAXPEAH$$QEAH@Z 00000001800061d0 f i PhysicalCameraThread.obj
 0001:000051d0       ??$construct@W4CAM_COLOR_MODE@@AEAW41@@?$_Wrap_alloc@V?$allocator@W4CAM_COLOR_MODE@@@std@@@std@@QEAAXPEAW4CAM_COLOR_MODE@@AEAW42@@Z 00000001800061d0 f i StripeSync.obj
 0001:00005210       ??$construct@HAEBH@?$_Wrap_alloc@V?$allocator@H@std@@@std@@QEAAXPEAHAEBH@Z 0000000180006210 f i PhysicalCameraThread.obj
 0001:00005210       ??$construct@W4CAM_COLOR_MODE@@AEBW41@@?$_Wrap_alloc@V?$allocator@W4CAM_COLOR_MODE@@@std@@@std@@QEAAXPEAW4CAM_COLOR_MODE@@AEBW42@@Z 0000000180006210 f i StripeSync.obj
 0001:00005250       ??$destroy@PEAD@?$_Wrap_alloc@V?$allocator@D@std@@@std@@QEAAXPEAPEAD@Z 0000000180006250 f i PhysicalCameraThread.obj
 0001:00005280       ??$_Allocate@D@std@@YAPEAD_KPEAD@Z 0000000180006280 f i PhysicalCameraThread.obj
 0001:000052e0       ??$_Destroy_range@U?$_Wrap_alloc@V?$allocator@PEAX@std@@@std@@@std@@YAXPEAPEAX0AEAU?$_Wrap_alloc@V?$allocator@PEAX@std@@@0@@Z 00000001800062e0 f i PhysicalCameraThread.obj
 0001:000052e0       ??$_Destroy_range@U?$_Wrap_alloc@V?$allocator@PEAVCPhysicalCameraThread@@@std@@@std@@@std@@YAXPEAPEAVCPhysicalCameraThread@@0AEAU?$_Wrap_alloc@V?$allocator@PEAVCPhysicalCameraThread@@@std@@@0@@Z 00000001800062e0 f i IShotSync.obj
 0001:000052e0       ??$_Destroy_range@U?$_Wrap_alloc@V?$allocator@PEAD@std@@@std@@@std@@YAXPEAPEAD0AEAU?$_Wrap_alloc@V?$allocator@PEAD@std@@@0@@Z 00000001800062e0 f i PhysicalCameraThread.obj
 0001:000052e0       ??$_Destroy_range@U?$_Wrap_alloc@V?$allocator@PEAE@std@@@std@@@std@@YAXPEAPEAE0AEAU?$_Wrap_alloc@V?$allocator@PEAE@std@@@0@@Z 00000001800062e0 f i PhysicalCameraThread.obj
 0001:000052e0       ??$_Destroy_range@U?$_Wrap_alloc@V?$allocator@I@std@@@std@@@std@@YAXPEAI0AEAU?$_Wrap_alloc@V?$allocator@I@std@@@0@@Z 00000001800062e0 f i PhysicalCameraThread.obj
 0001:000052e0       ??$_Destroy_range@U?$_Wrap_alloc@V?$allocator@PEAH@std@@@std@@@std@@YAXPEAPEAH0AEAU?$_Wrap_alloc@V?$allocator@PEAH@std@@@0@@Z 00000001800062e0 f i StripeSync.obj
 0001:000052e0       ??$_Destroy_range@U?$_Wrap_alloc@V?$allocator@PEAU_MY_IMAGE_@sn3DHandiSync@@@std@@@std@@@std@@YAXPEAPEAU_MY_IMAGE_@sn3DHandiSync@@0AEAU?$_Wrap_alloc@V?$allocator@PEAU_MY_IMAGE_@sn3DHandiSync@@@std@@@0@@Z 00000001800062e0 f i IShotSync.obj
 0001:000052e0       ??$_Destroy_range@U?$_Wrap_alloc@V?$allocator@H@std@@@std@@@std@@YAXPEAH0AEAU?$_Wrap_alloc@V?$allocator@H@std@@@0@@Z 00000001800062e0 f i PhysicalCameraThread.obj
 0001:000052e0       ??$_Destroy_range@U?$_Wrap_alloc@V?$allocator@W4CAM_COLOR_MODE@@@std@@@std@@@std@@YAXPEAW4CAM_COLOR_MODE@@0AEAU?$_Wrap_alloc@V?$allocator@W4CAM_COLOR_MODE@@@std@@@0@@Z 00000001800062e0 f i StripeSync.obj
 0001:00005330       ??$_Umove@PEAPEAH@?$vector@PEAHV?$allocator@PEAH@std@@@std@@IEAAPEAPEAHPEAPEAH00@Z 0000000180006330 f i StripeSync.obj
 0001:00005330       ??$_Umove@PEAPEAD@?$vector@PEADV?$allocator@PEAD@std@@@std@@IEAAPEAPEADPEAPEAD00@Z 0000000180006330 f i PhysicalCameraThread.obj
 0001:00005330       ??$_Umove@PEAPEAE@?$vector@PEAEV?$allocator@PEAE@std@@@std@@IEAAPEAPEAEPEAPEAE00@Z 0000000180006330 f i PhysicalCameraThread.obj
 0001:00005330       ??$_Umove@PEAPEAX@?$vector@PEAXV?$allocator@PEAX@std@@@std@@IEAAPEAPEAXPEAPEAX00@Z 0000000180006330 f i PhysicalCameraThread.obj
 0001:00005330       ??$_Umove@PEAPEAVCPhysicalCameraThread@@@?$vector@PEAVCPhysicalCameraThread@@V?$allocator@PEAVCPhysicalCameraThread@@@std@@@std@@IEAAPEAPEAVCPhysicalCameraThread@@PEAPEAV2@00@Z 0000000180006330 f i IShotSync.obj
 0001:00005330       ??$_Umove@PEAPEAU_MY_IMAGE_@sn3DHandiSync@@@?$vector@PEAU_MY_IMAGE_@sn3DHandiSync@@V?$allocator@PEAU_MY_IMAGE_@sn3DHandiSync@@@std@@@std@@IEAAPEAPEAU_MY_IMAGE_@sn3DHandiSync@@PEAPEAU23@00@Z 0000000180006330 f i IShotSync.obj
 0001:00005380       ??$fill@V?$_Vb_iterator@U?$_Wrap_alloc@V?$allocator@I@std@@@std@@@std@@_N@std@@YAXV?$_Vb_iterator@U?$_Wrap_alloc@V?$allocator@I@std@@@std@@@0@0AEB_N@Z 0000000180006380 f i PhysicalCameraThread.obj
 0001:00005430       ??$_Umove@PEAI@?$vector@IV?$allocator@_N@std@@@std@@IEAAPEAIPEAI00@Z 0000000180006430 f i PhysicalCameraThread.obj
 0001:00005430       ??$_Umove@PEAH@?$vector@HV?$allocator@H@std@@@std@@IEAAPEAHPEAH00@Z 0000000180006430 f i PhysicalCameraThread.obj
 0001:00005430       ??$_Umove@PEAW4CAM_COLOR_MODE@@@?$vector@W4CAM_COLOR_MODE@@V?$allocator@W4CAM_COLOR_MODE@@@std@@@std@@IEAAPEAW4CAM_COLOR_MODE@@PEAW42@00@Z 0000000180006430 f i StripeSync.obj
 0001:00005480       ??$copy_backward@V?$_Vb_iterator@U?$_Wrap_alloc@V?$allocator@I@std@@@std@@@std@@V12@@std@@YA?AV?$_Vb_iterator@U?$_Wrap_alloc@V?$allocator@I@std@@@std@@@0@V10@00@Z 0000000180006480 f i PhysicalCameraThread.obj
 0001:000055c0       ??$_Allocate@PEAH@std@@YAPEAPEAH_KPEAPEAH@Z 00000001800065c0 f i StripeSync.obj
 0001:000055c0       ??$_Allocate@PEAU_MY_IMAGE_@sn3DHandiSync@@@std@@YAPEAPEAU_MY_IMAGE_@sn3DHandiSync@@_KPEAPEAU12@@Z 00000001800065c0 f i IShotSync.obj
 0001:000055c0       ??$_Allocate@PEAE@std@@YAPEAPEAE_KPEAPEAE@Z 00000001800065c0 f i PhysicalCameraThread.obj
 0001:000055c0       ??$_Allocate@PEAD@std@@YAPEAPEAD_KPEAPEAD@Z 00000001800065c0 f i PhysicalCameraThread.obj
 0001:000055c0       ??$_Allocate@PEAX@std@@YAPEAPEAX_KPEAPEAX@Z 00000001800065c0 f i PhysicalCameraThread.obj
 0001:000055c0       ??$_Allocate@PEAVCPhysicalCameraThread@@@std@@YAPEAPEAVCPhysicalCameraThread@@_KPEAPEAV1@@Z 00000001800065c0 f i IShotSync.obj
 0001:00005630       ??$_Allocate@W4CAM_COLOR_MODE@@@std@@YAPEAW4CAM_COLOR_MODE@@_KPEAW41@@Z 0000000180006630 f i StripeSync.obj
 0001:00005630       ??$_Allocate@H@std@@YAPEAH_KPEAH@Z 0000000180006630 f i PhysicalCameraThread.obj
 0001:00005630       ??$_Allocate@I@std@@YAPEAI_KPEAI@Z 0000000180006630 f i PhysicalCameraThread.obj
 0001:000056a0       ??$_Uninitialized_fill_n@PEAI_KIU?$_Wrap_alloc@V?$allocator@I@std@@@std@@@std@@YAXPEAI_KPEBIAEAU?$_Wrap_alloc@V?$allocator@I@std@@@0@@Z 00000001800066a0 f i PhysicalCameraThread.obj
 0001:00005710       ??$construct@PEAHPEAH@?$allocator_traits@V?$allocator@PEAH@std@@@std@@SAXAEAV?$allocator@PEAH@1@PEAPEAH$$QEAPEAH@Z 0000000180006710 f i StripeSync.obj
 0001:00005710       ??$construct@PEADAEAPEAD@?$allocator_traits@V?$allocator@D@std@@@std@@SAXAEAV?$allocator@D@1@PEAPEADAEAPEAD@Z 0000000180006710 f i PhysicalCameraThread.obj
 0001:00005710       ??$construct@PEAVCPhysicalCameraThread@@AEAPEAV1@@?$allocator_traits@V?$allocator@PEAVCPhysicalCameraThread@@@std@@@std@@SAXAEAV?$allocator@PEAVCPhysicalCameraThread@@@1@PEAPEAVCPhysicalCameraThread@@AEAPEAV3@@Z 0000000180006710 f i IShotSync.obj
 0001:00005710       ??$construct@PEADAEAPEAD@?$allocator_traits@V?$allocator@PEAD@std@@@std@@SAXAEAV?$allocator@PEAD@1@PEAPEADAEAPEAD@Z 0000000180006710 f i PhysicalCameraThread.obj
 0001:00005710       ??$construct@PEAEAEAPEAE@?$allocator_traits@V?$allocator@PEAE@std@@@std@@SAXAEAV?$allocator@PEAE@1@PEAPEAEAEAPEAE@Z 0000000180006710 f i PhysicalCameraThread.obj
 0001:00005710       ??$construct@PEAU_MY_IMAGE_@sn3DHandiSync@@PEAU12@@?$allocator_traits@V?$allocator@PEAU_MY_IMAGE_@sn3DHandiSync@@@std@@@std@@SAXAEAV?$allocator@PEAU_MY_IMAGE_@sn3DHandiSync@@@1@PEAPEAU_MY_IMAGE_@sn3DHandiSync@@$$QEAPEAU34@@Z 0000000180006710 f i IShotSync.obj
 0001:00005710       ??$construct@PEAXAEAPEAX@?$allocator_traits@V?$allocator@PEAX@std@@@std@@SAXAEAV?$allocator@PEAX@1@PEAPEAXAEAPEAX@Z 0000000180006710 f i PhysicalCameraThread.obj
 0001:00005710       ??$construct@PEAEPEAE@?$allocator_traits@V?$allocator@PEAE@std@@@std@@SAXAEAV?$allocator@PEAE@1@PEAPEAE$$QEAPEAE@Z 0000000180006710 f i IShotSync.obj
 0001:00005750       ??$construct@PEAXAEBQEAX@?$allocator_traits@V?$allocator@PEAX@std@@@std@@SAXAEAV?$allocator@PEAX@1@PEAPEAXAEBQEAX@Z 0000000180006750 f i PhysicalCameraThread.obj
 0001:00005750       ??$construct@PEAEAEBQEAE@?$allocator_traits@V?$allocator@PEAE@std@@@std@@SAXAEAV?$allocator@PEAE@1@PEAPEAEAEBQEAE@Z 0000000180006750 f i PhysicalCameraThread.obj
 0001:00005750       ??$construct@PEAVCPhysicalCameraThread@@AEBQEAV1@@?$allocator_traits@V?$allocator@PEAVCPhysicalCameraThread@@@std@@@std@@SAXAEAV?$allocator@PEAVCPhysicalCameraThread@@@1@PEAPEAVCPhysicalCameraThread@@AEBQEAV3@@Z 0000000180006750 f i IShotSync.obj
 0001:00005750       ??$construct@PEADAEBQEAD@?$allocator_traits@V?$allocator@PEAD@std@@@std@@SAXAEAV?$allocator@PEAD@1@PEAPEADAEBQEAD@Z 0000000180006750 f i PhysicalCameraThread.obj
 0001:00005790       ??$construct@HAEAH@?$allocator_traits@V?$allocator@H@std@@@std@@SAXAEAV?$allocator@H@1@PEAHAEAH@Z 0000000180006790 f i PhysicalCameraThread.obj
 0001:00005790       ??$construct@W4CAM_COLOR_MODE@@AEAW41@@?$allocator_traits@V?$allocator@W4CAM_COLOR_MODE@@@std@@@std@@SAXAEAV?$allocator@W4CAM_COLOR_MODE@@@1@PEAW4CAM_COLOR_MODE@@AEAW43@@Z 0000000180006790 f i StripeSync.obj
 0001:00005790       ??$construct@HH@?$allocator_traits@V?$allocator@H@std@@@std@@SAXAEAV?$allocator@H@1@PEAH$$QEAH@Z 0000000180006790 f i PhysicalCameraThread.obj
 0001:000057d0       ??$construct@W4CAM_COLOR_MODE@@AEBW41@@?$allocator_traits@V?$allocator@W4CAM_COLOR_MODE@@@std@@@std@@SAXAEAV?$allocator@W4CAM_COLOR_MODE@@@1@PEAW4CAM_COLOR_MODE@@AEBW43@@Z 00000001800067d0 f i StripeSync.obj
 0001:000057d0       ??$construct@HAEBH@?$allocator_traits@V?$allocator@H@std@@@std@@SAXAEAV?$allocator@H@1@PEAHAEBH@Z 00000001800067d0 f i PhysicalCameraThread.obj
 0001:00005810       ??$destroy@PEAD@?$allocator_traits@V?$allocator@D@std@@@std@@SAXAEAV?$allocator@D@1@PEAPEAD@Z 0000000180006810 f i PhysicalCameraThread.obj
 0001:00005840       ??$_Ptr_cat@V?$basic_string@DU?$char_traits@D@std@@V?$allocator@D@2@@std@@V12@@std@@YA?AU_Nonscalar_ptr_iterator_tag@0@PEAV?$basic_string@DU?$char_traits@D@std@@V?$allocator@D@2@@0@0@Z 0000000180006840 f i IShotSync.obj
 0001:00005840       ??$_Ptr_cat@PEAEPEAE@std@@YA?AU_Scalar_ptr_iterator_tag@0@PEAPEAE0@Z 0000000180006840 f i PhysicalCameraThread.obj
 0001:00005840       ??$_Ptr_cat@HH@std@@YA?AU_Scalar_ptr_iterator_tag@0@PEBHPEAH@Z 0000000180006840 f i StripeSync.obj
 0001:00005840       ??$_Ptr_cat@PEADPEAD@std@@YA?AU_Scalar_ptr_iterator_tag@0@PEAPEAD0@Z 0000000180006840 f i PhysicalCameraThread.obj
 0001:00005840       ??$_Ptr_cat@HH@std@@YA?AU_Scalar_ptr_iterator_tag@0@PEAH0@Z 0000000180006840 f i PhysicalCameraThread.obj
 0001:00005840       ??$_Ptr_cat@PEADPEAD@std@@YA?AU_Scalar_ptr_iterator_tag@0@PEBQEADPEAPEAD@Z 0000000180006840 f i IShotSync.obj
 0001:00005840       ??$_Ptr_cat@PEAEPEAE@std@@YA?AU_Scalar_ptr_iterator_tag@0@PEBQEAEPEAPEAE@Z 0000000180006840 f i StripeSync.obj
 0001:00005840       ??$_Ptr_cat@PEAHPEAH@std@@YA?AU_Scalar_ptr_iterator_tag@0@PEAPEAH0@Z 0000000180006840 f i StripeSync.obj
 0001:00005840       ??$_Ptr_cat@PEAU_MY_IMAGE_@sn3DHandiSync@@PEAU12@@std@@YA?AU_Scalar_ptr_iterator_tag@0@PEBQEAU_MY_IMAGE_@sn3DHandiSync@@PEAPEAU23@@Z 0000000180006840 f i IShotSync.obj
 0001:00005840       ??$_Ptr_cat@PEAU_MY_IMAGE_@sn3DHandiSync@@PEAU12@@std@@YA?AU_Scalar_ptr_iterator_tag@0@PEAPEAU_MY_IMAGE_@sn3DHandiSync@@0@Z 0000000180006840 f i IShotSync.obj
 0001:00005840       ??$_Ptr_cat@W4CAM_COLOR_MODE@@W41@@std@@YA?AU_Scalar_ptr_iterator_tag@0@PEAW4CAM_COLOR_MODE@@0@Z 0000000180006840 f i StripeSync.obj
 0001:00005840       ??$_Ptr_cat@PEAVCPhysicalCameraThread@@PEAV1@@std@@YA?AU_Scalar_ptr_iterator_tag@0@PEAPEAVCPhysicalCameraThread@@0@Z 0000000180006840 f i IShotSync.obj
 0001:00005840       ??$_Ptr_cat@PEAXPEAX@std@@YA?AU_Scalar_ptr_iterator_tag@0@PEAPEAX0@Z 0000000180006840 f i PhysicalCameraThread.obj
 0001:00005840       ??$_Ptr_cat@II@std@@YA?AU_Scalar_ptr_iterator_tag@0@PEAI0@Z 0000000180006840 f i PhysicalCameraThread.obj
 0001:00005840       ??$_Ptr_cat@V?$_Vb_iterator@U?$_Wrap_alloc@V?$allocator@I@std@@@std@@@std@@V12@@std@@YA?AU_Nonscalar_ptr_iterator_tag@0@AEAV?$_Vb_iterator@U?$_Wrap_alloc@V?$allocator@I@std@@@std@@@0@0@Z 0000000180006840 f i PhysicalCameraThread.obj
[...]
 0004:00001a4c       $pdata$?dtor$3@?0??GetFirewareVersion@sn3DHandiSync@@YA?AW4RETSTATUS@1@PEAXPEBD1AEAV?$basic_string@DU?$char_traits@D@std@@V?$allocator@D@2@@std@@@Z@4HA 000000018002fa4c     sn3DHandiSyncControl.obj
 0004:00001a58       $pdata$?dtor$4@?0??GetFirewareVersion@sn3DHandiSync@@YA?AW4RETSTATUS@1@PEAXPEBD1AEAV?$basic_string@DU?$char_traits@D@std@@V?$allocator@D@2@@std@@@Z@4HA 000000018002fa58     sn3DHandiSyncControl.obj
 0004:00001a64       $pdata$?dtor$0@?0??GetStatusDescriptionString@sn3DHandiSync@@YAXAEBW4RETSTATUS@1@AEAPEAD@Z@4HA 000000018002fa64     sn3DHandiSyncControl.obj
 0004:00001a70       $pdata$?dtor$0@?0??SnapSingleGroupImages@sn3DHandiSync@@YA?AW4RETSTATUS@1@AEBQEAXAEBW4PROJECTTYPES@1@AEAV?$vector@PEAEV?$allocator@PEAE@std@@@std@@AEAV?$vector@HV?$allocator@H@std@@@5@33@Z@4HA 000000018002fa70     sn3DHandiSyncControl.obj
 0004:00001a7c       $pdata$?dtor$1@?0??SnapSingleGroupImages@sn3DHandiSync@@YA?AW4RETSTATUS@1@AEBQEAXAEBW4PROJECTTYPES@1@AEAV?$vector@PEAEV?$allocator@PEAE@std@@@std@@AEAV?$vector@HV?$allocator@H@std@@@5@33@Z@4HA 000000018002fa7c     sn3DHandiSyncControl.obj
 0004:00001a88       $pdata$?dtor$2@?0??SnapSingleGroupImages@sn3DHandiSync@@YA?AW4RETSTATUS@1@AEBQEAXAEBW4PROJECTTYPES@1@AEAV?$vector@PEAEV?$allocator@PEAE@std@@@std@@AEAV?$vector@HV?$allocator@H@std@@@5@33@Z@4HA 000000018002fa88     sn3DHandiSyncControl.obj
 0004:00001a94       $pdata$?dtor$3@?0??SnapSingleGroupImages@sn3DHandiSync@@YA?AW4RETSTATUS@1@AEBQEAXAEBW4PROJECTTYPES@1@AEAV?$vector@PEAEV?$allocator@PEAE@std@@@std@@AEAV?$vector@HV?$allocator@H@std@@@5@33@Z@4HA 000000018002fa94     sn3DHandiSyncControl.obj
 0004:00001aa0       $pdata$?dtor$0@?0??SetScanParameter@sn3DHandiSync@@YA?AW4RETSTATUS@1@AEBQEAXAEBUSCANPARAMETERS@1@@Z@4HA 000000018002faa0     sn3DHandiSyncControl.obj
 0004:00001aac       $pdata$?dtor$0@?0???0sentry@?$basic_ostream@DU?$char_traits@D@std@@@std@@QEAA@AEAV12@@Z@4HA 000000018002faac     sn3DHandiSyncControl.obj
 0004:00001ab8       $pdata$?dtor$0@?0???$?6U?$char_traits@D@std@@@std@@YAAEAV?$basic_ostream@DU?$char_traits@D@std@@@0@AEAV10@PEBD@Z@4HA 000000018002fab8     sn3DHandiSyncControl.obj
 0004:00001ac4       $pdata$?catch$0@?0???$?6U?$char_traits@D@std@@@std@@YAAEAV?$basic_ostream@DU?$char_traits@D@std@@@0@AEAV10@PEBD@Z@4HA 000000018002fac4     sn3DHandiSyncControl.obj
 0004:00001ad0       $pdata$?dtor$0@?0???1CSpeckleSync@@UEAA@XZ@4HA 000000018002fad0     SpeckleSync.obj
 0004:00001ad0       $pdata$?dtor$0@?0???1CDPLaserSync@@UEAA@XZ@4HA 000000018002fad0     DpLaserSync.obj
 0004:00001ad0       $pdata$?dtor$0@?0???1CLaserSync@@UEAA@XZ@4HA 000000018002fad0     LaserSync.obj
 0004:00001ad0       $pdata$?dtor$0@?0???1CSpeckleLaserSync@@UEAA@XZ@4HA 000000018002fad0     SpeckleLaserSync.obj
 0004:00001adc       $pdata$?dtor$0@?0??ExitSync@CLaserSync@@UEAAXXZ@4HA 000000018002fadc     LaserSync.obj
 0004:00001adc       $pdata$?dtor$0@?0??ExitSync@CDPLaserSync@@UEAAXXZ@4HA 000000018002fadc     DpLaserSync.obj
 0004:00001ae8       $pdata$?dtor$0@?0??InitProjector@CDPLaserSync@@UEAAHAEBQEBD@Z@4HA 000000018002fae8     DpLaserSync.obj
 0004:00001af4       $pdata$?dtor$1@?0??InitProjector@CDPLaserSync@@UEAAHAEBQEBD@Z@4HA 000000018002faf4     DpLaserSync.obj
 0004:00001b00       $pdata$?dtor$0@?0??SetScanParameter@CLaserSync@@UEAAHAEBV?$vector@HV?$allocator@H@std@@@std@@@Z@4HA 000000018002fb00     LaserSync.obj
 0004:00001b00       $pdata$?dtor$0@?0??SetScanParameter@CDPLaserSync@@UEAAHAEBV?$vector@HV?$allocator@H@std@@@std@@@Z@4HA 000000018002fb00     DpLaserSync.obj
 0004:00001b0c       $pdata$?dtor$0@?0??InitProjector@CSpeckleLaserSync@@UEAAHAEBQEBD@Z@4HA 000000018002fb0c     SpeckleLaserSync.obj
 0004:00001b18       $pdata$?dtor$0@?0???0CStripeSync@@QEAA@XZ@4HA 000000018002fb18     StripeSync.obj
 0004:00001b24       $pdata$?dtor$1@?0???0CStripeSync@@QEAA@XZ@4HA 000000018002fb24     StripeSync.obj
 0004:00001b30       $pdata$?dtor$2@?0???0CStripeSync@@QEAA@XZ@4HA 000000018002fb30     StripeSync.obj
 0004:00001b3c       $pdata$?dtor$3@?0???0CStripeSync@@QEAA@XZ@4HA 000000018002fb3c     StripeSync.obj
 0004:00001b48       $pdata$?dtor$4@?0???0CStripeSync@@QEAA@XZ@4HA 000000018002fb48     StripeSync.obj
 0004:00001b54       $pdata$?dtor$5@?0???0CStripeSync@@QEAA@XZ@4HA 000000018002fb54     StripeSync.obj
 0004:00001b60       $pdata$?dtor$0@?0???1CStripeSync@@UEAA@XZ@4HA 000000018002fb60     StripeSync.obj
 0004:00001b6c       $pdata$?dtor$1@?0???1CStripeSync@@UEAA@XZ@4HA 000000018002fb6c     StripeSync.obj
 0004:00001b78       $pdata$?dtor$2@?0???1CStripeSync@@UEAA@XZ@4HA 000000018002fb78     StripeSync.obj
 0004:00001b84       $pdata$?dtor$3@?0???1CStripeSync@@UEAA@XZ@4HA 000000018002fb84     StripeSync.obj
 0004:00001b90       $pdata$?dtor$4@?0???1CStripeSync@@UEAA@XZ@4HA 000000018002fb90     StripeSync.obj
 0004:00001b9c       $pdata$?dtor$5@?0???1CStripeSync@@UEAA@XZ@4HA 000000018002fb9c     StripeSync.obj
 0004:00001ba8       $pdata$?dtor$6@?0???1CStripeSync@@UEAA@XZ@4HA 000000018002fba8     StripeSync.obj
 0004:00001bb4       $pdata$?dtor$7@?0???1CStripeSync@@UEAA@XZ@4HA 000000018002fbb4     StripeSync.obj
 0004:00001bc0       $pdata$?dtor$8@?0???1CStripeSync@@UEAA@XZ@4HA 000000018002fbc0     StripeSync.obj
 0004:00001bcc       $pdata$?dtor$9@?0???1CStripeSync@@UEAA@XZ@4HA 000000018002fbcc     StripeSync.obj
 0004:00001bd8       $pdata$?dtor$10@?0???1CStripeSync@@UEAA@XZ@4HA 000000018002fbd8     StripeSync.obj
 0004:00001be4       $pdata$?dtor$11@?0???1CStripeSync@@UEAA@XZ@4HA 000000018002fbe4     StripeSync.obj
 0004:00001bf0       $pdata$?dtor$12@?0???1CStripeSync@@UEAA@XZ@4HA 000000018002fbf0     StripeSync.obj
 0004:00001bfc       $pdata$?dtor$0@?0??Scan@CStripeSync@@UEAAHAEB_N@Z@4HA 000000018002fbfc     StripeSync.obj
 0004:00001c08       $pdata$?dtor$1@?0??Scan@CStripeSync@@UEAAHAEB_N@Z@4HA 000000018002fc08     StripeSync.obj
 0004:00001c14       $pdata$?dtor$0@?0??GetScanImages@CStripeSync@@UEAAHAEAV?$vector@PEAEV?$allocator@PEAE@std@@@std@@AEAV?$vector@HV?$allocator@H@std@@@3@11@Z@4HA 000000018002fc14     StripeSync.obj
 0004:00001c20       $pdata$?dtor$0@?0??StripeScanCallBack@CStripeSync@@CAXAEBQEBXAEBHAEBQEBE111@Z@4HA 000000018002fc20     StripeSync.obj
 0004:00001c2c       $pdata$?dtor$1@?0??StripeScanCallBack@CStripeSync@@CAXAEBQEBXAEBHAEBQEBE111@Z@4HA 000000018002fc2c     StripeSync.obj
 0004:00001c38       $pdata$?dtor$2@?0??StripeScanCallBack@CStripeSync@@CAXAEBQEBXAEBHAEBQEBE111@Z@4HA 000000018002fc38     StripeSync.obj
 0004:00001c44       $pdata$?dtor$3@?0??StripeScanCallBack@CStripeSync@@CAXAEBQEBXAEBHAEBQEBE111@Z@4HA 000000018002fc44     StripeSync.obj
 0004:00001c50       $pdata$?catch$0@?0???0?$vector@HV?$allocator@H@std@@@std@@QEAA@AEBV01@@Z@4HA 000000018002fc50     StripeSync.obj
 0004:00001c5c       $pdata$?catch$0@?0???0?$vector@PEAU_MY_IMAGE_@sn3DHandiSync@@V?$allocator@PEAU_MY_IMAGE_@sn3DHandiSync@@@std@@@std@@QEAA@AEBV01@@Z@4HA 000000018002fc5c     IShotSync.obj
 0004:00001c5c       $pdata$?catch$0@?0???0?$vector@PEADV?$allocator@PEAD@std@@@std@@QEAA@AEBV01@@Z@4HA 000000018002fc5c     IShotSync.obj
 0004:00001c5c       $pdata$?catch$0@?0???0?$vector@PEAEV?$allocator@PEAE@std@@@std@@QEAA@AEBV01@@Z@4HA 000000018002fc5c     StripeSync.obj
 0004:00001c68       $pdata$?dtor$0@?0???0IShotSync@@QEAA@XZ@4HA 000000018002fc68     IShotSync.obj
 0004:00001c74       $pdata$?dtor$1@?0???0IShotSync@@QEAA@XZ@4HA 000000018002fc74     IShotSync.obj
 0004:00001c80       $pdata$?dtor$2@?0???0IShotSync@@QEAA@XZ@4HA 000000018002fc80     IShotSync.obj
 0004:00001c8c       $pdata$?dtor$3@?0???0IShotSync@@QEAA@XZ@4HA 000000018002fc8c     IShotSync.obj
 0004:00001c98       $pdata$?dtor$4@?0???0IShotSync@@QEAA@XZ@4HA 000000018002fc98     IShotSync.obj
 0004:00001ca4       $pdata$?dtor$5@?0???0IShotSync@@QEAA@XZ@4HA 000000018002fca4     IShotSync.obj
 0004:00001cb0       $pdata$?dtor$6@?0???0IShotSync@@QEAA@XZ@4HA 000000018002fcb0     IShotSync.obj
 0004:00001cbc       $pdata$?dtor$7@?0???0IShotSync@@QEAA@XZ@4HA 000000018002fcbc     IShotSync.obj
 0004:00001cc8       $pdata$?dtor$8@?0???0IShotSync@@QEAA@XZ@4HA 000000018002fcc8     IShotSync.obj
 0004:00001cd4       $pdata$?dtor$0@?0???1IShotSync@@UEAA@XZ@4HA 000000018002fcd4     IShotSync.obj
 0004:00001ce0       $pdata$?dtor$1@?0???1IShotSync@@UEAA@XZ@4HA 000000018002fce0     IShotSync.obj
 0004:00001cec       $pdata$?dtor$2@?0???1IShotSync@@UEAA@XZ@4HA 000000018002fcec     IShotSync.obj
 0004:00001cf8       $pdata$?dtor$3@?0???1IShotSync@@UEAA@XZ@4HA 000000018002fcf8     IShotSync.obj
 0004:00001d04       $pdata$?dtor$4@?0???1IShotSync@@UEAA@XZ@4HA 000000018002fd04     IShotSync.obj
 0004:00001d10       $pdata$?dtor$5@?0???1IShotSync@@UEAA@XZ@4HA 000000018002fd10     IShotSync.obj
 0004:00001d1c       $pdata$?dtor$6@?0???1IShotSync@@UEAA@XZ@4HA 000000018002fd1c     IShotSync.obj
 0004:00001d28       $pdata$?dtor$7@?0???1IShotSync@@UEAA@XZ@4HA 000000018002fd28     IShotSync.obj
 0004:00001d34       $pdata$?dtor$8@?0???1IShotSync@@UEAA@XZ@4HA 000000018002fd34     IShotSync.obj
 0004:00001d40       $pdata$?dtor$1@?0??OpenCameras@IShotSync@@UEAAHAEBV?$vector@PEADV?$allocator@PEAD@std@@@std@@AEBV?$vector@HV?$allocator@H@std@@@3@1@Z@4HA 000000018002fd40     IShotSync.obj
 0004:00001d4c       $pdata$?dtor$2@?0??OpenCameras@IShotSync@@UEAAHAEBV?$vector@PEADV?$allocator@PEAD@std@@@std@@AEBV?$vector@HV?$allocator@H@std@@@3@1@Z@4HA 000000018002fd4c     IShotSync.obj
 0004:00001d58       $pdata$?dtor$3@?0??OpenCameras@IShotSync@@UEAAHAEBV?$vector@PEADV?$allocator@PEAD@std@@@std@@AEBV?$vector@HV?$allocator@H@std@@@3@1@Z@4HA 000000018002fd58     IShotSync.obj
 0004:00001d64       $pdata$?dtor$0@?0??ReopenCameras@IShotSync@@UEAAHXZ@4HA 000000018002fd64     IShotSync.obj
 0004:00001d70       $pdata$?dtor$0@?0??GetCameraSerialNumber@IShotSync@@UEAAHAEBHAEAPEAD@Z@4HA 000000018002fd70     IShotSync.obj
 0004:00001d7c       $pdata$?dtor$0@?0??DisplayCallBackToCamera@IShotSync@@KAXAEBQEBXAEBHAEBQEBE111@Z@4HA 000000018002fd7c     IShotSync.obj
 0004:00001d88       $pdata$?dtor$1@?0??DisplayCallBackToCamera@IShotSync@@KAXAEBQEBXAEBHAEBQEBE111@Z@4HA 000000018002fd88     IShotSync.obj
 0004:00001d94       $pdata$?dtor$2@?0??DisplayCallBackToCamera@IShotSync@@KAXAEBQEBXAEBHAEBQEBE111@Z@4HA 000000018002fd94     IShotSync.obj
 0004:00001da0       $pdata$?dtor$3@?0??DisplayCallBackToCamera@IShotSync@@KAXAEBQEBXAEBHAEBQEBE111@Z@4HA 000000018002fda0     IShotSync.obj
 0004:00001dac       $pdata$?dtor$0@?0??ScanCallBackToCamera@IShotSync@@KAXAEBQEBXAEBHAEBQEBE111@Z@4HA 000000018002fdac     IShotSync.obj
 0004:00001db8       $pdata$?dtor$1@?0??ScanCallBackToCamera@IShotSync@@KAXAEBQEBXAEBHAEBQEBE111@Z@4HA 000000018002fdb8     IShotSync.obj
 0004:00001dc4       $pdata$?dtor$2@?0??ScanCallBackToCamera@IShotSync@@KAXAEBQEBXAEBHAEBQEBE111@Z@4HA 000000018002fdc4     IShotSync.obj
 0004:00001dd0       $pdata$?dtor$3@?0??ScanCallBackToCamera@IShotSync@@KAXAEBQEBXAEBHAEBQEBE111@Z@4HA 000000018002fdd0     IShotSync.obj
 0004:00001ddc       $pdata$?dtor$0@?0??SnapSingleImageFromSpecifyCamera@IShotSync@@UEAAHAEBHAEAPEAEAEAH22@Z@4HA 000000018002fddc     IShotSync.obj
 0004:00001de8       $pdata$?dtor$1@?0??SnapSingleImageFromSpecifyCamera@IShotSync@@UEAAHAEBHAEAPEAEAEAH22@Z@4HA 000000018002fde8     IShotSync.obj
 0004:00001df4       $pdata$?dtor$2@?0??SnapSingleImageFromSpecifyCamera@IShotSync@@UEAAHAEBHAEAPEAEAEAH22@Z@4HA 000000018002fdf4     IShotSync.obj
 0004:00001e00       $pdata$?dtor$3@?0??SnapSingleImageFromSpecifyCamera@IShotSync@@UEAAHAEBHAEAPEAEAEAH22@Z@4HA 000000018002fe00     IShotSync.obj
 0004:00001e0c       $pdata$?dtor$0@?0??SnapSingleGroupImages@IShotSync@@UEAAHAEAV?$vector@PEAEV?$allocator@PEAE@std@@@std@@AEAV?$vector@HV?$allocator@H@std@@@3@11@Z@4HA 000000018002fe0c     IShotSync.obj
 0004:00001e18       $pdata$?dtor$1@?0??SnapSingleGroupImages@IShotSync@@UEAAHAEAV?$vector@PEAEV?$allocator@PEAE@std@@@std@@AEAV?$vector@HV?$allocator@H@std@@@3@11@Z@4HA 000000018002fe18     IShotSync.obj
 0004:00001e24       $pdata$?dtor$2@?0??SnapSingleGroupImages@IShotSync@@UEAAHAEAV?$vector@PEAEV?$allocator@PEAE@std@@@std@@AEAV?$vector@HV?$allocator@H@std@@@3@11@Z@4HA 000000018002fe24     IShotSync.obj
 0004:00001e30       $pdata$?dtor$3@?0??SnapSingleGroupImages@IShotSync@@UEAAHAEAV?$vector@PEAEV?$allocator@PEAE@std@@@std@@AEAV?$vector@HV?$allocator@H@std@@@3@11@Z@4HA 000000018002fe30     IShotSync.obj
 0004:00001e3c       $pdata$?dtor$0@?0??SnapRGBImageFromSpecifyCamera@IShotSync@@UEAAHAEBHAEAPEAEAEAH2@Z@4HA 000000018002fe3c     IShotSync.obj
 0004:00001e48       $pdata$?dtor$1@?0??SnapRGBImageFromSpecifyCamera@IShotSync@@UEAAHAEBHAEAPEAEAEAH2@Z@4HA 000000018002fe48     IShotSync.obj
 0004:00001e54       $pdata$?dtor$2@?0??SnapRGBImageFromSpecifyCamera@IShotSync@@UEAAHAEBHAEAPEAEAEAH2@Z@4HA 000000018002fe54     IShotSync.obj
 0004:00001e60       $pdata$?dtor$3@?0??SnapRGBImageFromSpecifyCamera@IShotSync@@UEAAHAEBHAEAPEAEAEAH2@Z@4HA 000000018002fe60     IShotSync.obj
 0004:00001e6c       $pdata$?dtor$4@?0??SnapRGBImageFromSpecifyCamera@IShotSync@@UEAAHAEBHAEAPEAEAEAH2@Z@4HA 000000018002fe6c     IShotSync.obj
 0004:00001e78       $pdata$?dtor$5@?0??SnapRGBImageFromSpecifyCamera@IShotSync@@UEAAHAEBHAEAPEAEAEAH2@Z@4HA 000000018002fe78     IShotSync.obj
 0004:00001e84       $pdata$?dtor$6@?0??SnapRGBImageFromSpecifyCamera@IShotSync@@UEAAHAEBHAEAPEAEAEAH2@Z@4HA 000000018002fe84     IShotSync.obj
 0004:00001e90       $pdata$?dtor$7@?0??SnapRGBImageFromSpecifyCamera@IShotSync@@UEAAHAEBHAEAPEAEAEAH2@Z@4HA 000000018002fe90     IShotSync.obj
 0004:00001e9c       $pdata$?dtor$0@?0??SnapSingleGroupRGBImages@IShotSync@@UEAAHAEAV?$vector@PEAEV?$allocator@PEAE@std@@@std@@AEAV?$vector@HV?$allocator@H@std@@@3@1@Z@4HA 000000018002fe9c     IShotSync.obj
 0004:00001ea8       $pdata$?dtor$1@?0??SnapSingleGroupRGBImages@IShotSync@@UEAAHAEAV?$vector@PEAEV?$allocator@PEAE@std@@@std@@AEAV?$vector@HV?$allocator@H@std@@@3@1@Z@4HA 000000018002fea8     IShotSync.obj
 0004:00001eb4       $pdata$?dtor$2@?0??SnapSingleGroupRGBImages@IShotSync@@UEAAHAEAV?$vector@PEAEV?$allocator@PEAE@std@@@std@@AEAV?$vector@HV?$allocator@H@std@@@3@1@Z@4HA 000000018002feb4     IShotSync.obj
 0004:00001ec0       $pdata$?dtor$3@?0??SnapSingleGroupRGBImages@IShotSync@@UEAAHAEAV?$vector@PEAEV?$allocator@PEAE@std@@@std@@AEAV?$vector@HV?$allocator@H@std@@@3@1@Z@4HA 000000018002fec0     IShotSync.obj
 0004:00001ecc       $pdata$?dtor$4@?0??SnapSingleGroupRGBImages@IShotSync@@UEAAHAEAV?$vector@PEAEV?$allocator@PEAE@std@@@std@@AEAV?$vector@HV?$allocator@H@std@@@3@1@Z@4HA 000000018002fecc     IShotSync.obj
 0004:00001ed8       $pdata$?dtor$5@?0??SnapSingleGroupRGBImages@IShotSync@@UEAAHAEAV?$vector@PEAEV?$allocator@PEAE@std@@@std@@AEAV?$vector@HV?$allocator@H@std@@@3@1@Z@4HA 000000018002fed8     IShotSync.obj
 0004:00001ee4       $pdata$?dtor$6@?0??SnapSingleGroupRGBImages@IShotSync@@UEAAHAEAV?$vector@PEAEV?$allocator@PEAE@std@@@std@@AEAV?$vector@HV?$allocator@H@std@@@3@1@Z@4HA 000000018002fee4     IShotSync.obj
 0004:00001ef0       $pdata$?dtor$7@?0??SnapSingleGroupRGBImages@IShotSync@@UEAAHAEAV?$vector@PEAEV?$allocator@PEAE@std@@@std@@AEAV?$vector@HV?$allocator@H@std@@@3@1@Z@4HA 000000018002fef0     IShotSync.obj
 0004:00001efc       $pdata$?dtor$8@?0??SnapSingleGroupRGBImages@IShotSync@@UEAAHAEAV?$vector@PEAEV?$allocator@PEAE@std@@@std@@AEAV?$vector@HV?$allocator@H@std@@@3@1@Z@4HA 000000018002fefc     IShotSync.obj
 0004:00001f08       $pdata$?dtor$9@?0??SnapSingleGroupRGBImages@IShotSync@@UEAAHAEAV?$vector@PEAEV?$allocator@PEAE@std@@@std@@AEAV?$vector@HV?$allocator@H@std@@@3@1@Z@4HA 000000018002ff08     IShotSync.obj
 0004:00001f14       $pdata$?dtor$10@?0??SnapSingleGroupRGBImages@IShotSync@@UEAAHAEAV?$vector@PEAEV?$allocator@PEAE@std@@@std@@AEAV?$vector@HV?$allocator@H@std@@@3@1@Z@4HA 000000018002ff14     IShotSync.obj
 0004:00001f20       $pdata$?dtor$11@?0??SnapSingleGroupRGBImages@IShotSync@@UEAAHAEAV?$vector@PEAEV?$allocator@PEAE@std@@@std@@AEAV?$vector@HV?$allocator@H@std@@@3@1@Z@4HA 000000018002ff20     IShotSync.obj
 0004:00001f2c       $pdata$?dtor$12@?0??SnapSingleGroupRGBImages@IShotSync@@UEAAHAEAV?$vector@PEAEV?$allocator@PEAE@std@@@std@@AEAV?$vector@HV?$allocator@H@std@@@3@1@Z@4HA 000000018002ff2c     IShotSync.obj
 0004:00001f38       $pdata$?dtor$0@?0??AnalysisSerials@IShotSync@@AEAAXV?$vector@PEADV?$allocator@PEAD@std@@@std@@@Z@4HA 000000018002ff38     IShotSync.obj
 0004:00001f44       $pdata$?dtor$1@?0??AnalysisSerials@IShotSync@@AEAAXV?$vector@PEADV?$allocator@PEAD@std@@@std@@@Z@4HA 000000018002ff44     IShotSync.obj
 0004:00001f50       $pdata$?dtor$2@?0??AnalysisSerials@IShotSync@@AEAAXV?$vector@PEADV?$allocator@PEAD@std@@@std@@@Z@4HA 000000018002ff50     IShotSync.obj
 0004:00001f5c       $pdata$?dtor$3@?0??AnalysisSerials@IShotSync@@AEAAXV?$vector@PEADV?$allocator@PEAD@std@@@std@@@Z@4HA 000000018002ff5c     IShotSync.obj
 0004:00001f68       $pdata$?dtor$4@?0??AnalysisSerials@IShotSync@@AEAAXV?$vector@PEADV?$allocator@PEAD@std@@@std@@@Z@4HA 000000018002ff68     IShotSync.obj
 0004:00001f74       $pdata$?catch$0@?0??resize@?$vector@PEAVCPhysicalCameraThread@@V?$allocator@PEAVCPhysicalCameraThread@@@std@@@std@@QEAAX_K@Z@4HA 000000018002ff74     IShotSync.obj
 0004:00001f80       $pdata$?catch$0@?0???0?$vector@PEAXV?$allocator@PEAX@std@@@std@@QEAA@_K@Z@4HA 000000018002ff80     IShotSync.obj
 0004:00001f8c       $pdata$?catch$0@?0??_Reallocate@?$vector@V?$basic_string@DU?$char_traits@D@std@@V?$allocator@D@2@@std@@V?$allocator@V?$basic_string@DU?$char_traits@D@std@@V?$allocator@D@2@@std@@@2@@std@@IEAAX_K@Z@4HA 000000018002ff8c     IShotSync.obj
 0004:00001f98       $pdata$?catch$0@?0???$_Uninit_move@PEAV?$basic_string@DU?$char_traits@D@std@@V?$allocator@D@2@@std@@PEAV12@V?$allocator@V?$basic_string@DU?$char_traits@D@std@@V?$allocator@D@2@@std@@@2@V12@@std@@YAPEAV?$basic_string@DU?$char_traits@D@std@@V?$allocator@D@2@@0@PEAV10@00AEAU?$_Wrap_alloc@V?$allocator@V?$basic_string@DU?$char_traits@D@std@@V?$allocator@D@2@@std@@@std@@@0@0U_Nonscalar_ptr_iterator_tag@0@@Z@4HA 000000018002ff98     IShotSync.obj
 0004:00001fa4       $pdata$?dtor$0@?0??InitProjector@CLaserSync@@UEAAHAEBQEBD@Z@4HA 000000018002ffa4     LaserSync.obj
 0004:00001fb0       $pdata$?dtor$1@?0??InitProjector@CLaserSync@@UEAAHAEBQEBD@Z@4HA 000000018002ffb0     LaserSync.obj
 0004:00001fbc       $pdata$InternalDllMain$catch$0 000000018002ffbc     mfcs120u:dllmodul.obj
 0004:00001fc8       $pdata$_onexit$fin$0       000000018002ffc8     msvcrt:atonexit.obj
 0004:00001fd4       $pdata$?fin$0@?0???_M@YAXPEAX_KHP6AX0@Z@Z@4HA 000000018002ffd4     msvcrt:ehvecdtr.obj
 0004:00001fe0       $pdata$?filt$0@?0??__ArrayUnwind@@YAXPEAX_KHP6AX0@Z@Z@4HA 000000018002ffe0     msvcrt:ehvecdtr.obj
 0004:00001fec       $pdata$?fin$0@?0???_L@YAXPEAX_KHP6AX0@Z2@Z@4HA 000000018002ffec     msvcrt:ehvecctr.obj
 0004:00001ff8       $pdata$__DllMainCRTStartup$filt$0 000000018002fff8     msvcrt:crtdll.obj
 0004:00002004       $pdata$__DllMainCRTStartup$fin$1 0000000180030004     msvcrt:crtdll.obj
 0004:00002010       $pdata$_IsNonwritableInCurrentImage$filt$0 0000000180030010     msvcrt:pesect.obj
 0004:0000201c       $pdata$_IsNonwritableInCurrentImage$filt$0 000000018003001c     mfcs120u:rawdllmainproxy.obj
 0004:00002028       $pdata$??__F?_System_object@?$_Error_objects@H@std@@2V_System_error_category@2@A@@YAXXZ 0000000180030028     PhysicalCameraThread.obj
 0004:00002034       $pdata$??__F?_Iostream_object@?$_Error_objects@H@std@@2V_Iostream_error_category@2@A@@YAXXZ 0000000180030034     PhysicalCameraThread.obj
 0004:00002040       $pdata$??__F?_Generic_object@?$_Error_objects@H@std@@2V_Generic_error_category@2@A@@YAXXZ 0000000180030040     PhysicalCameraThread.obj
 0005:000000a0       $R000000                   00000001800310a0     sn3DHandiSync.res
 0005:00000368       $R0002C8                   0000000180031368     sn3DHandiSync.res
